Component: ARM Compiler 5.06 update 6 (build 750) Tool: armlink [4d35ed]

==============================================================================

Section Cross References

    startup_stm32f103xe.o(RESET) refers to startup_stm32f103xe.o(STACK) for __initial_sp
    startup_stm32f103xe.o(RESET) refers to startup_stm32f103xe.o(.text) for Reset_Handler
    startup_stm32f103xe.o(RESET) refers to stm32f1xx_it.o(i.NMI_Handler) for NMI_Handler
    startup_stm32f103xe.o(RESET) refers to context_rvds_1.o(.text) for HardFault_Handler
    startup_stm32f103xe.o(RESET) refers to stm32f1xx_it.o(i.BusFault_Handler) for BusFault_Handler
    startup_stm32f103xe.o(RESET) refers to stm32f1xx_it.o(i.UsageFault_Handler) for UsageFault_Handler
    startup_stm32f103xe.o(RESET) refers to stm32f1xx_it.o(i.DebugMon_Handler) for DebugMon_Handler
    startup_stm32f103xe.o(RESET) refers to board.o(i.SysTick_Handler) for SysTick_Handler
    startup_stm32f103xe.o(RESET) refers to stm32f1xx_it.o(i.DMA1_Channel1_IRQHandler) for DMA1_Channel1_IRQHandler
    startup_stm32f103xe.o(RESET) refers to stm32f1xx_it.o(i.DMA1_Channel2_IRQHandler) for DMA1_Channel2_IRQHandler
    startup_stm32f103xe.o(RESET) refers to uartfinshchario.o(i.USART3_IRQHandler) for USART3_IRQHandler
    startup_stm32f103xe.o(.text) refers to system_stm32f1xx.o(i.SystemInit) for SystemInit
    startup_stm32f103xe.o(.text) refers to entry.o(.ARM.Collect$$$$00000000) for __main
    main.o(i.SystemClock_Config) refers to memseta.o(.text) for __aeabi_memclr4
    main.o(i.SystemClock_Config) refers to stm32f1xx_hal_rcc.o(i.HAL_RCC_OscConfig) for HAL_RCC_OscConfig
    main.o(i.SystemClock_Config) refers to main.o(i.Error_Handler) for Error_Handler
    main.o(i.SystemClock_Config) refers to stm32f1xx_hal_rcc.o(i.HAL_RCC_ClockConfig) for HAL_RCC_ClockConfig
    main.o(i.SystemClock_Config) refers to stm32f1xx_hal_rcc_ex.o(i.HAL_RCCEx_PeriphCLKConfig) for HAL_RCCEx_PeriphCLKConfig
    main.o(i.main) refers to thread.o(i.rt_thread_mdelay) for rt_thread_mdelay
    gpio.o(i.MX_GPIO_Init) refers to stm32f1xx_hal_gpio.o(i.HAL_GPIO_WritePin) for HAL_GPIO_WritePin
    gpio.o(i.MX_GPIO_Init) refers to stm32f1xx_hal_gpio.o(i.HAL_GPIO_Init) for HAL_GPIO_Init
    adc.o(i.HAL_ADC_MspDeInit) refers to stm32f1xx_hal_dma.o(i.HAL_DMA_DeInit) for HAL_DMA_DeInit
    adc.o(i.HAL_ADC_MspInit) refers to stm32f1xx_hal_dma.o(i.HAL_DMA_Init) for HAL_DMA_Init
    adc.o(i.HAL_ADC_MspInit) refers to main.o(i.Error_Handler) for Error_Handler
    adc.o(i.HAL_ADC_MspInit) refers to adc.o(.bss) for hdma_adc1
    adc.o(i.MX_ADC1_Init) refers to stm32f1xx_hal_adc.o(i.HAL_ADC_Init) for HAL_ADC_Init
    adc.o(i.MX_ADC1_Init) refers to main.o(i.Error_Handler) for Error_Handler
    adc.o(i.MX_ADC1_Init) refers to stm32f1xx_hal_adc.o(i.HAL_ADC_ConfigChannel) for HAL_ADC_ConfigChannel
    adc.o(i.MX_ADC1_Init) refers to adc.o(.bss) for hadc1
    dma.o(i.MX_DMA_Init) refers to stm32f1xx_hal_cortex.o(i.HAL_NVIC_SetPriority) for HAL_NVIC_SetPriority
    dma.o(i.MX_DMA_Init) refers to stm32f1xx_hal_cortex.o(i.HAL_NVIC_EnableIRQ) for HAL_NVIC_EnableIRQ
    spi.o(i.HAL_SPI_MspDeInit) refers to stm32f1xx_hal_gpio.o(i.HAL_GPIO_DeInit) for HAL_GPIO_DeInit
    spi.o(i.HAL_SPI_MspDeInit) refers to stm32f1xx_hal_dma.o(i.HAL_DMA_DeInit) for HAL_DMA_DeInit
    spi.o(i.HAL_SPI_MspInit) refers to stm32f1xx_hal_gpio.o(i.HAL_GPIO_Init) for HAL_GPIO_Init
    spi.o(i.HAL_SPI_MspInit) refers to stm32f1xx_hal_dma.o(i.HAL_DMA_Init) for HAL_DMA_Init
    spi.o(i.HAL_SPI_MspInit) refers to main.o(i.Error_Handler) for Error_Handler
    spi.o(i.HAL_SPI_MspInit) refers to spi.o(.bss) for hdma_spi1_rx
    spi.o(i.MX_SPI1_Init) refers to stm32f1xx_hal_spi.o(i.HAL_SPI_Init) for HAL_SPI_Init
    spi.o(i.MX_SPI1_Init) refers to main.o(i.Error_Handler) for Error_Handler
    spi.o(i.MX_SPI1_Init) refers to spi.o(.bss) for hspi1
    tim.o(i.HAL_TIM_MspPostInit) refers to stm32f1xx_hal_gpio.o(i.HAL_GPIO_Init) for HAL_GPIO_Init
    tim.o(i.MX_TIM1_Init) refers to memseta.o(.text) for __aeabi_memclr4
    tim.o(i.MX_TIM1_Init) refers to stm32f1xx_hal_tim.o(i.HAL_TIM_Base_Init) for HAL_TIM_Base_Init
    tim.o(i.MX_TIM1_Init) refers to main.o(i.Error_Handler) for Error_Handler
    tim.o(i.MX_TIM1_Init) refers to stm32f1xx_hal_tim.o(i.HAL_TIM_ConfigClockSource) for HAL_TIM_ConfigClockSource
    tim.o(i.MX_TIM1_Init) refers to stm32f1xx_hal_tim.o(i.HAL_TIM_PWM_Init) for HAL_TIM_PWM_Init
    tim.o(i.MX_TIM1_Init) refers to stm32f1xx_hal_tim_ex.o(i.HAL_TIMEx_MasterConfigSynchronization) for HAL_TIMEx_MasterConfigSynchronization
    tim.o(i.MX_TIM1_Init) refers to stm32f1xx_hal_tim.o(i.HAL_TIM_PWM_ConfigChannel) for HAL_TIM_PWM_ConfigChannel
    tim.o(i.MX_TIM1_Init) refers to stm32f1xx_hal_tim_ex.o(i.HAL_TIMEx_ConfigBreakDeadTime) for HAL_TIMEx_ConfigBreakDeadTime
    tim.o(i.MX_TIM1_Init) refers to tim.o(i.HAL_TIM_MspPostInit) for HAL_TIM_MspPostInit
    tim.o(i.MX_TIM1_Init) refers to tim.o(.bss) for htim1
[...]
    i.object_split                           0x08004c1c   Section        0  cmd.o(i.object_split)
    object_split                             0x08004c1d   Thumb Code    22  cmd.o(i.object_split)
    i.print_number                           0x08004c38   Section        0  kservice.o(i.print_number)
    print_number                             0x08004c39   Thumb Code   400  kservice.o(i.print_number)
    i.rt_application_init                    0x08004dd0   Section        0  components.o(i.rt_application_init)
    i.rt_components_board_init               0x08004e10   Section        0  components.o(i.rt_components_board_init)
    i.rt_components_init                     0x08004e2c   Section        0  components.o(i.rt_components_init)
    i.rt_enter_critical                      0x08004e48   Section        0  scheduler.o(i.rt_enter_critical)
    i.rt_exit_critical                       0x08004e68   Section        0  scheduler.o(i.rt_exit_critical)
    i.rt_hw_board_init                       0x08004eac   Section        0  board.o(i.rt_hw_board_init)
    i.rt_hw_console_getchar                  0x08004ed0   Section        0  uartfinshchario.o(i.rt_hw_console_getchar)
    i.rt_hw_console_output                   0x08004efc   Section        0  uartfinshchario.o(i.rt_hw_console_output)
    i.rt_hw_hard_fault_exception             0x08004f1c   Section        0  cpuport.o(i.rt_hw_hard_fault_exception)
    i.rt_hw_stack_init                       0x08005124   Section        0  cpuport.o(i.rt_hw_stack_init)
    i.rt_interrupt_enter                     0x08005170   Section        0  irq.o(i.rt_interrupt_enter)
    i.rt_interrupt_leave                     0x08005190   Section        0  irq.o(i.rt_interrupt_leave)
    i.rt_ipc_list_suspend                    0x080051b0   Section        0  ipc.o(i.rt_ipc_list_suspend)
    rt_ipc_list_suspend                      0x080051b1   Thumb Code   108  ipc.o(i.rt_ipc_list_suspend)
    i.rt_kprintf                             0x0800521c   Section        0  kservice.o(i.rt_kprintf)
    i.rt_list_init                           0x0800524c   Section        0  scheduler.o(i.rt_list_init)
    rt_list_init                             0x0800524d   Thumb Code     6  scheduler.o(i.rt_list_init)
    i.rt_list_init                           0x08005252   Section        0  timer.o(i.rt_list_init)
    rt_list_init                             0x08005253   Thumb Code     6  timer.o(i.rt_list_init)
    i.rt_list_insert_after                   0x08005258   Section        0  thread.o(i.rt_list_insert_after)
    rt_list_insert_after                     0x08005259   Thumb Code    14  thread.o(i.rt_list_insert_after)
    i.rt_list_insert_after                   0x08005266   Section        0  timer.o(i.rt_list_insert_after)
    rt_list_insert_after                     0x08005267   Thumb Code    14  timer.o(i.rt_list_insert_after)
    i.rt_list_insert_before                  0x08005274   Section        0  ipc.o(i.rt_list_insert_before)
    rt_list_insert_before                    0x08005275   Thumb Code    14  ipc.o(i.rt_list_insert_before)
    i.rt_list_isempty                        0x08005282   Section        0  ipc.o(i.rt_list_isempty)
    rt_list_isempty                          0x08005283   Thumb Code    16  ipc.o(i.rt_list_isempty)
    i.rt_list_isempty                        0x08005292   Section        0  timer.o(i.rt_list_isempty)
    rt_list_isempty                          0x08005293   Thumb Code    16  timer.o(i.rt_list_isempty)
    i.rt_list_len                            0x080052a2   Section        0  cmd.o(i.rt_list_len)
    rt_list_len                              0x080052a3   Thumb Code    20  cmd.o(i.rt_list_len)
    i.rt_list_remove                         0x080052b6   Section        0  thread.o(i.rt_list_remove)
    rt_list_remove                           0x080052b7   Thumb Code    18  thread.o(i.rt_list_remove)
    i.rt_memmove                             0x080052c8   Section        0  kservice.o(i.rt_memmove)
    i.rt_memset                              0x0800530a   Section        0  kservice.o(i.rt_memset)
    i.rt_object_detach                       0x08005352   Section        0  object.o(i.rt_object_detach)
    i.rt_object_get_information              0x08005380   Section        0  object.o(i.rt_object_get_information)
    i.rt_object_init                         0x080053a8   Section        0  object.o(i.rt_object_init)
    i.rt_object_is_systemobject              0x08005408   Section        0  object.o(i.rt_object_is_systemobject)
    i.rt_ringbuffer_data_len                 0x0800541a   Section        0  uartfinshchario.o(i.rt_ringbuffer_data_len)
    i.rt_ringbuffer_getchar                  0x08005486   Section        0  uartfinshchario.o(i.rt_ringbuffer_getchar)
    i.rt_ringbuffer_init                     0x080054de   Section        0  uartfinshchario.o(i.rt_ringbuffer_init)
    i.rt_ringbuffer_putchar                  0x0800550e   Section        0  uartfinshchario.o(i.rt_ringbuffer_putchar)
    i.rt_schedule                            0x08005568   Section        0  scheduler.o(i.rt_schedule)
    i.rt_schedule_insert_thread              0x080055ec   Section        0  scheduler.o(i.rt_schedule_insert_thread)
    i.rt_schedule_remove_thread              0x0800563c   Section        0  scheduler.o(i.rt_schedule_remove_thread)
    i.rt_sem_init                            0x08005690   Section        0  ipc.o(i.rt_sem_init)
    i.rt_sem_release                         0x080056be   Section        0  ipc.o(i.rt_sem_release)
    i.rt_sem_take                            0x08005704   Section        0  ipc.o(i.rt_sem_take)
    i.rt_sem_trytake                         0x08005778   Section        0  ipc.o(i.rt_sem_trytake)
    i.rt_show_version                        0x08005788   Section        0  kservice.o(i.rt_show_version)
    i.rt_strlen                              0x08005838   Section        0  kservice.o(i.rt_strlen)
    i.rt_strncpy                             0x0800584a   Section        0  kservice.o(i.rt_strncpy)
    i.rt_system_scheduler_init               0x08005880   Section        0  scheduler.o(i.rt_system_scheduler_init)
    i.rt_system_scheduler_start              0x080058cc   Section        0  scheduler.o(i.rt_system_scheduler_start)
    i.rt_system_timer_init                   0x080058fc   Section        0  timer.o(i.rt_system_timer_init)
    i.rt_system_timer_thread_init            0x08005918   Section        0  timer.o(i.rt_system_timer_thread_init)
    i.rt_thread_exit                         0x0800591c   Section        0  thread.o(i.rt_thread_exit)
    i.rt_thread_idle_entry                   0x08005974   Section        0  idle.o(i.rt_thread_idle_entry)
    rt_thread_idle_entry                     0x08005975   Thumb Code     8  idle.o(i.rt_thread_idle_entry)
    i.rt_thread_idle_excute                  0x0800597c   Section        0  idle.o(i.rt_thread_idle_excute)
    i.rt_thread_idle_init                    0x08005a00   Section        0  idle.o(i.rt_thread_idle_init)
    i.rt_thread_init                         0x08005a3c   Section        0  thread.o(i.rt_thread_init)
    i.rt_thread_mdelay                       0x08005a70   Section        0  thread.o(i.rt_thread_mdelay)
    i.rt_thread_resume                       0x08005a84   Section        0  thread.o(i.rt_thread_resume)
    i.rt_thread_self                         0x08005ac0   Section        0  thread.o(i.rt_thread_self)
    i.rt_thread_sleep                        0x08005acc   Section        0  thread.o(i.rt_thread_sleep)
    i.rt_thread_startup                      0x08005b10   Section        0  thread.o(i.rt_thread_startup)
    i.rt_thread_suspend                      0x08005b3c   Section        0  thread.o(i.rt_thread_suspend)
    i.rt_thread_timeout                      0x08005b80   Section        0  thread.o(i.rt_thread_timeout)
    i.rt_thread_yield                        0x08005ba0   Section        0  thread.o(i.rt_thread_yield)
    i.rt_tick_from_millisecond               0x08005c04   Section        0  clock.o(i.rt_tick_from_millisecond)
    i.rt_tick_get                            0x08005c3c   Section        0  clock.o(i.rt_tick_get)
    i.rt_tick_increase                       0x08005c48   Section        0  clock.o(i.rt_tick_increase)
    i.rt_timer_check                         0x08005c78   Section        0  timer.o(i.rt_timer_check)
    i.rt_timer_control                       0x08005cf4   Section        0  timer.o(i.rt_timer_control)
    i.rt_timer_detach                        0x08005d2c   Section        0  timer.o(i.rt_timer_detach)
    i.rt_timer_init                          0x08005d4c   Section        0  timer.o(i.rt_timer_init)
    i.rt_timer_start                         0x08005d7c   Section        0  timer.o(i.rt_timer_start)
    i.rt_timer_stop                          0x08005e74   Section        0  timer.o(i.rt_timer_stop)
    i.rt_vsnprintf                           0x08005ea4   Section        0  kservice.o(i.rt_vsnprintf)
    i.rti_board_end                          0x080061d4   Section        0  components.o(i.rti_board_end)
    rti_board_end                            0x080061d5   Thumb Code     4  components.o(i.rti_board_end)
    i.rti_board_start                        0x080061d8   Section        0  components.o(i.rti_board_start)
    rti_board_start                          0x080061d9   Thumb Code     4  components.o(i.rti_board_start)
    i.rti_end                                0x080061dc   Section        0  components.o(i.rti_end)
    rti_end                                  0x080061dd   Thumb Code     4  components.o(i.rti_end)
    i.rti_start                              0x080061e0   Section        0  components.o(i.rti_start)
    rti_start                                0x080061e1   Thumb Code     4  components.o(i.rti_start)
    i.rtthread_startup                       0x080061e4   Section        0  components.o(i.rtthread_startup)
    i.shell_auto_complete                    0x08006210   Section        0  shell.o(i.shell_auto_complete)
    shell_auto_complete                      0x08006211   Thumb Code    42  shell.o(i.shell_auto_complete)
    i.show_wait_queue                        0x08006248   Section        0  cmd.o(i.show_wait_queue)
    show_wait_queue                          0x08006249   Thumb Code    40  cmd.o(i.show_wait_queue)
    i.skip_atoi                              0x08006278   Section        0  kservice.o(i.skip_atoi)
    skip_atoi                                0x08006279   Thumb Code    38  kservice.o(i.skip_atoi)
    i.stopAllPWM                             0x080062a0   Section        0  ui.o(i.stopAllPWM)
    i.stopStatusLED                          0x080062e0   Section        0  systemhealth.o(i.stopStatusLED)
    i.str_common                             0x08006300   Section        0  msh.o(i.str_common)
    str_common                               0x08006301   Thumb Code    32  msh.o(i.str_common)
    i.systemThreadInit                       0x08006320   Section        0  systemhealth.o(i.systemThreadInit)
    i.thread_systemDefender                  0x080063b0   Section        0  systemhealth.o(i.thread_systemDefender)
    thread_systemDefender                    0x080063b1   Thumb Code    20  systemhealth.o(i.thread_systemDefender)
    i.thread_systemStatus                    0x080063c4   Section        0  systemhealth.o(i.thread_systemStatus)
    thread_systemStatus                      0x080063c5   Thumb Code    44  systemhealth.o(i.thread_systemStatus)
    i.usage_fault_track                      0x080063f8   Section        0  cpuport.o(i.usage_fault_track)
    usage_fault_track                        0x080063f9   Thumb Code   122  cpuport.o(i.usage_fault_track)
    i.version                                0x080064e0   Section        0  cmd.o(i.version)
    .constdata                               0x080064ea   Section       24  system_stm32f1xx.o(.constdata)
    .constdata                               0x08006502   Section       49  ui.o(.constdata)
    .constdata                               0x08006533   Section       44  systemhealth.o(.constdata)
    .constdata                               0x0800655f   Section      115  cmd.o(.constdata)
    .constdata                               0x080065d2   Section       20  msh.o(.constdata)
    .constdata                               0x080065e6   Section      290  kservice.o(.constdata)
    small_digits                             0x080066e6   Data          17  kservice.o(.constdata)
    large_digits                             0x080066f7   Data          17  kservice.o(.constdata)
    .constdata                               0x08006708   Section       64  ctype_c.o(.constdata)
    .conststring                             0x08006748   Section       68  cmd.o(.conststring)
    .rti_fn.0                                0x0800678c   Section        4  components.o(.rti_fn.0)
    __tagsym$$used                           0x0800678c   Number         0  components.o(.rti_fn.0)
    .rti_fn.0.end                            0x08006790   Section        4  components.o(.rti_fn.0.end)
    __tagsym$$used                           0x08006790   Number         0  components.o(.rti_fn.0.end)
    .rti_fn.1                                0x08006794   Section        4  bspinit.o(.rti_fn.1)
    __tagsym$$used                           0x08006794   Number         0  bspinit.o(.rti_fn.1)
    .rti_fn.1.end                            0x08006798   Section        4  components.o(.rti_fn.1.end)
    __tagsym$$used                           0x08006798   Number         0  components.o(.rti_fn.1.end)
    .rti_fn.6                                0x0800679c   Section        4  systemhealth.o(.rti_fn.6)
    __tagsym$$used                           0x0800679c   Number         0  systemhealth.o(.rti_fn.6)
    .rti_fn.6                                0x080067a0   Section        4  shell.o(.rti_fn.6)
    __tagsym$$used                           0x080067a0   Number         0  shell.o(.rti_fn.6)
    .rti_fn.6.end                            0x080067a4   Section        4  components.o(.rti_fn.6.end)
    __tagsym$$used                           0x080067a4   Number         0  components.o(.rti_fn.6.end)
    FSymTab                                  0x080067a8   Section       24  ui.o(FSymTab)
    __tagsym$$used                           0x080067a8   Number         0  ui.o(FSymTab)
    __tagsym$$used                           0x080067b0   Number         0  ui.o(FSymTab)
    __tagsym$$used                           0x080067b8   Number         0  ui.o(FSymTab)
    FSymTab                                  0x080067c0   Section       16  systemhealth.o(FSymTab)
    __tagsym$$used                           0x080067c0   Number         0  systemhealth.o(FSymTab)
    __tagsym$$used                           0x080067c8   Number         0  systemhealth.o(FSymTab)
    FSymTab                                  0x080067d0   Section       80  cmd.o(FSymTab)
    __tagsym$$used                           0x080067d0   Number         0  cmd.o(FSymTab)
    __tagsym$$used                           0x080067d8   Number         0  cmd.o(FSymTab)
    __tagsym$$used                           0x080067e0   Number         0  cmd.o(FSymTab)
    __tagsym$$used                           0x080067e8   Number         0  cmd.o(FSymTab)
    __tagsym$$used                           0x080067f0   Number         0  cmd.o(FSymTab)
    __tagsym$$used                           0x080067f8   Number         0  cmd.o(FSymTab)
    __tagsym$$used                           0x08006800   Number         0  cmd.o(FSymTab)
    __tagsym$$used                           0x08006808   Number         0  cmd.o(FSymTab)
    __tagsym$$used                           0x08006810   Number         0  cmd.o(FSymTab)
    __tagsym$$used                           0x08006818   Number         0  cmd.o(FSymTab)
    FSymTab                                  0x08006820   Section       16  msh.o(FSymTab)
    __tagsym$$used                           0x08006820   Number         0  msh.o(FSymTab)
    __tagsym$$used                           0x08006828   Number         0  msh.o(FSymTab)
    .data                                    0x20000000   Section        9  stm32f1xx_hal.o(.data)
    .data                                    0x2000000c   Section        4  system_stm32f1xx.o(.data)
    .data                                    0x20000010   Section       24  shell.o(.data)
    finsh_prompt_custom                      0x20000024   Data           4  shell.o(.data)
    .data                                    0x20000028   Section        4  clock.o(.data)
    rt_tick                                  0x20000028   Data           4  clock.o(.data)
    .data                                    0x2000002c   Section        1  irq.o(.data)
    .data                                    0x20000030   Section       48  object.o(.data)
    rt_object_container                      0x20000030   Data          48  object.o(.data)
    .data                                    0x20000060   Section       24  scheduler.o(.data)
    rt_scheduler_lock_nest                   0x20000060   Data           2  scheduler.o(.data)
    .data                                    0x20000078   Section       12  timer.o(.data)
    rt_timer_list                            0x20000078   Data           8  timer.o(.data)
    random_nr                                0x20000080   Data           4  timer.o(.data)
    .data                                    0x20000084   Section       16  cpuport.o(.data)
    rt_exception_hook                        0x20000090   Data           4  cpuport.o(.data)
    .bss                                     0x20000094   Section      116  adc.o(.bss)
    .bss                                     0x20000108   Section      156  spi.o(.bss)
    .bss                                     0x200001a4   Section      432  tim.o(.bss)
    .bss                                     0x20000354   Section       64  usart.o(.bss)
    .bss                                     0x20000394   Section       68  uartfinshchario.o(.bss)
    shell_rx_sem                             0x200003b0   Data          40  uartfinshchario.o(.bss)
    .bss                                     0x200003d8   Section      568  systemhealth.o(.bss)
    status_sem                               0x200003d8   Data          40  systemhealth.o(.bss)
    thread_system                            0x20000400   Data         136  systemhealth.o(.bss)
    stack_system                             0x20000488   Data         128  systemhealth.o(.bss)
    thread_defender                          0x20000508   Data         136  systemhealth.o(.bss)
    stack_defender                           0x20000590   Data         128  systemhealth.o(.bss)
    .bss                                     0x20000610   Section      905  shell.o(.bss)
    finsh_thread                             0x20000610   Data         136  shell.o(.bss)
    finsh_thread_stack                       0x20000698   Data         512  shell.o(.bss)
    finsh_prompt                             0x20000918   Data         129  shell.o(.bss)
    .bss                                     0x200009a0   Section     1160  components.o(.bss)
    main_stack                               0x200009a0   Data        1024  components.o(.bss)
    .bss                                     0x20000e28   Section      264  idle.o(.bss)
    idle                                     0x20000e28   Data         136  idle.o(.bss)
    rt_thread_stack                          0x20000eb0   Data         128  idle.o(.bss)
    .bss                                     0x20000f30   Section      128  kservice.o(.bss)
    rt_log_buf                               0x20000f30   Data         128  kservice.o(.bss)
    .bss                                     0x20000fb0   Section      256  scheduler.o(.bss)
    STACK                                    0x200010b0   Section     1024  startup_stm32f103xe.o(STACK)

    Global Symbols

    Symbol Name                              Value     Ov Type        Size  Object(Section)

    BuildAttributes$$THM_ISAv4$P$D$K$B$S$PE$A:L22UL41UL21$X:L11$S22US41US21$IEEE1$IW$USESV6$~STKCKD$USESV7$~SHL$OTIME$ROPI$EBA8$MICROLIB$REQ8$PRES8$EABIv2 0x00000000   Number         0  anon$$obj.o ABSOLUTE
    __ARM_use_no_argv                        0x00000000   Number         0  main.o ABSOLUTE
    __cpp_initialize__aeabi_                  - Undefined Weak Reference
    __cxa_finalize                            - Undefined Weak Reference
    __decompress                              - Undefined Weak Reference
    _clock_init                               - Undefined Weak Reference
    _microlib_exit                            - Undefined Weak Reference
    _scanf_longlong                           - Undefined Weak Reference
    _scanf_real                               - Undefined Weak Reference
    _scanf_string                             - Undefined Weak Reference
    __Vectors_Size                           0x00000130   Number         0  startup_stm32f103xe.o ABSOLUTE
    __Vectors                                0x08000000   Data           4  startup_stm32f103xe.o(RESET)
    __Vectors_End                            0x08000130   Data           0  startup_stm32f103xe.o(RESET)
    __main                                   0x08000131   Thumb Code     0  entry.o(.ARM.Collect$$$$00000000)
    _main_stk                                0x08000131   Thumb Code     0  entry2.o(.ARM.Collect$$$$00000001)
    _main_scatterload                        0x08000135   Thumb Code     0  entry5.o(.ARM.Collect$$$$00000004)
    __main_after_scatterload                 0x08000139   Thumb Code     0  entry5.o(.ARM.Collect$$$$00000004)
    _main_clock                              0x08000139   Thumb Code     0  entry7b.o(.ARM.Collect$$$$00000008)
    _main_cpp_init                           0x08000139   Thumb Code     0  entry8b.o(.ARM.Collect$$$$0000000A)
    _main_init                               0x08000139   Thumb Code     0  entry9a.o(.ARM.Collect$$$$0000000B)
    __rt_final_cpp                           0x08000141   Thumb Code     0  entry10a.o(.ARM.Collect$$$$0000000D)
    __rt_final_exit                          0x08000141   Thumb Code     0  entry11a.o(.ARM.Collect$$$$0000000F)
    Reset_Handler                            0x08000145   Thumb Code     8  startup_stm32f103xe.o(.text)
    MemManage_Handler                        0x08000151   Thumb Code     2  startup_stm32f103xe.o(.text)
    SVC_Handler                              0x08000157   Thumb Code     2  startup_stm32f103xe.o(.text)
    ADC1_2_IRQHandler                        0x0800015f   Thumb Code     0  startup_stm32f103xe.o(.text)
    ADC3_IRQHandler                          0x0800015f   Thumb Code     0  startup_stm32f103xe.o(.text)
    CAN1_RX1_IRQHandler                      0x0800015f   Thumb Code     0  startup_stm32f103xe.o(.text)
    CAN1_SCE_IRQHandler                      0x0800015f   Thumb Code     0  startup_stm32f103xe.o(.text)
    DMA1_Channel3_IRQHandler                 0x0800015f   Thumb Code     0  startup_stm32f103xe.o(.text)
    DMA1_Channel4_IRQHandler                 0x0800015f   Thumb Code     0  startup_stm32f103xe.o(.text)
    DMA1_Channel5_IRQHandler                 0x0800015f   Thumb Code     0  startup_stm32f103xe.o(.text)
    DMA1_Channel6_IRQHandler                 0x0800015f   Thumb Code     0  startup_stm32f103xe.o(.text)
    DMA1_Channel7_IRQHandler                 0x0800015f   Thumb Code     0  startup_stm32f103xe.o(.text)
    DMA2_Channel1_IRQHandler                 0x0800015f   Thumb Code     0  startup_stm32f103xe.o(.text)
    DMA2_Channel2_IRQHandler                 0x0800015f   Thumb Code     0  startup_stm32f103xe.o(.text)
    DMA2_Channel3_IRQHandler                 0x0800015f   Thumb Code     0  startup_stm32f103xe.o(.text)
    DMA2_Channel4_5_IRQHandler               0x0800015f   Thumb Code     0  startup_stm32f103xe.o(.text)
    EXTI0_IRQHandler                         0x0800015f   Thumb Code     0  startup_stm32f103xe.o(.text)
    EXTI15_10_IRQHandler                     0x0800015f   Thumb Code     0  startup_stm32f103xe.o(.text)
    EXTI1_IRQHandler                         0x0800015f   Thumb Code     0  startup_stm32f103xe.o(.text)
    EXTI2_IRQHandler                         0x0800015f   Thumb Code     0  startup_stm32f103xe.o(.text)
    EXTI3_IRQHandler                         0x0800015f   Thumb Code     0  startup_stm32f103xe.o(.text)
    EXTI4_IRQHandler                         0x0800015f   Thumb Code     0  startup_stm32f103xe.o(.text)
    EXTI9_5_IRQHandler                       0x0800015f   Thumb Code     0  startup_stm32f103xe.o(.text)
    FLASH_IRQHandler                         0x0800015f   Thumb Code     0  startup_stm32f103xe.o(.text)
    FSMC_IRQHandler                          0x0800015f   Thumb Code     0  startup_stm32f103xe.o(.text)
    I2C1_ER_IRQHandler                       0x0800015f   Thumb Code     0  startup_stm32f103xe.o(.text)
    I2C1_EV_IRQHandler                       0x0800015f   Thumb Code     0  startup_stm32f103xe.o(.text)
    I2C2_ER_IRQHandler                       0x0800015f   Thumb Code     0  startup_stm32f103xe.o(.text)
    I2C2_EV_IRQHandler                       0x0800015f   Thumb Code     0  startup_stm32f103xe.o(.text)
    PVD_IRQHandler                           0x0800015f   Thumb Code     0  startup_stm32f103xe.o(.text)
    RCC_IRQHandler                           0x0800015f   Thumb Code     0  startup_stm32f103xe.o(.text)
    RTC_Alarm_IRQHandler                     0x0800015f   Thumb Code     0  startup_stm32f103xe.o(.text)
    RTC_IRQHandler                           0x0800015f   Thumb Code     0  startup_stm32f103xe.o(.text)
    SDIO_IRQHandler                          0x0800015f   Thumb Code     0  startup_stm32f103xe.o(.text)
    SPI1_IRQHandler                          0x0800015f   Thumb Code     0  startup_stm32f103xe.o(.text)
    SPI2_IRQHandler                          0x0800015f   Thumb Code     0  startup_stm32f103xe.o(.text)
    SPI3_IRQHandler                          0x0800015f   Thumb Code     0  startup_stm32f103xe.o(.text)
    TAMPER_IRQHandler                        0x0800015f   Thumb Code     0  startup_stm32f103xe.o(.text)
    TIM1_BRK_IRQHandler                      0x0800015f   Thumb Code     0  startup_stm32f103xe.o(.text)
    TIM1_CC_IRQHandler                       0x0800015f   Thumb Code     0  startup_stm32f103xe.o(.text)
    TIM1_TRG_COM_IRQHandler                  0x0800015f   Thumb Code     0  startup_stm32f103xe.o(.text)
    TIM1_UP_IRQHandler                       0x0800015f   Thumb Code     0  startup_stm32f103xe.o(.text)
    TIM2_IRQHandler                          0x0800015f   Thumb Code     0  startup_stm32f103xe.o(.text)
    TIM3_IRQHandler                          0x0800015f   Thumb Code     0  startup_stm32f103xe.o(.text)
    TIM4_IRQHandler                          0x0800015f   Thumb Code     0  startup_stm32f103xe.o(.text)
    TIM5_IRQHandler                          0x0800015f   Thumb Code     0  startup_stm32f103xe.o(.text)
    TIM6_IRQHandler                          0x0800015f   Thumb Code     0  startup_stm32f103xe.o(.text)
    TIM7_IRQHandler                          0x0800015f   Thumb Code     0  startup_stm32f103xe.o(.text)
    TIM8_BRK_IRQHandler                      0x0800015f   Thumb Code     0  startup_stm32f103xe.o(.text)
    TIM8_CC_IRQHandler                       0x0800015f   Thumb Code     0  startup_stm32f103xe.o(.text)
    TIM8_TRG_COM_IRQHandler                  0x0800015f   Thumb Code     0  startup_stm32f103xe.o(.text)
    TIM8_UP_IRQHandler                       0x0800015f   Thumb Code     0  startup_stm32f103xe.o(.text)
    UART4_IRQHandler                         0x0800015f   Thumb Code     0  startup_stm32f103xe.o(.text)
    UART5_IRQHandler                         0x0800015f   Thumb Code     0  startup_stm32f103xe.o(.text)
    USART1_IRQHandler                        0x0800015f   Thumb Code     0  startup_stm32f103xe.o(.text)
    USART2_IRQHandler                        0x0800015f   Thumb Code     0  startup_stm32f103xe.o(.text)
    USBWakeUp_IRQHandler                     0x0800015f   Thumb Code     0  startup_stm32f103xe.o(.text)
    USB_HP_CAN1_TX_IRQHandler                0x0800015f   Thumb Code     0  startup_stm32f103xe.o(.text)
    USB_LP_CAN1_RX0_IRQHandler               0x0800015f   Thumb Code     0  startup_stm32f103xe.o(.text)
    WWDG_IRQHandler                          0x0800015f   Thumb Code     0  startup_stm32f103xe.o(.text)
    rt_hw_interrupt_disable                  0x08000169   Thumb Code     8  context_rvds_1.o(.text)
    rt_hw_interrupt_enable                   0x08000171   Thumb Code     6  context_rvds_1.o(.text)
    rt_hw_context_switch                     0x08000177   Thumb Code    32  context_rvds_1.o(.text)
    rt_hw_context_switch_interrupt           0x08000177   Thumb Code     0  context_rvds_1.o(.text)
    PendSV_Handler                           0x08000197   Thumb Code    60  context_rvds_1.o(.text)
    rt_hw_context_switch_to                  0x080001d3   Thumb Code    58  context_rvds_1.o(.text)
    rt_hw_interrupt_thread_switch            0x0800020d   Thumb Code     2  context_rvds_1.o(.text)
    HardFault_Handler                        0x0800020f   Thumb Code    52  context_rvds_1.o(.text)
    __aeabi_memcpy                           0x0800025d   Thumb Code    36  memcpya.o(.text)
    __aeabi_memcpy4                          0x0800025d   Thumb Code     0  memcpya.o(.text)
    __aeabi_memcpy8                          0x0800025d   Thumb Code     0  memcpya.o(.text)
    __aeabi_memset                           0x08000281   Thumb Code    14  memseta.o(.text)
    __aeabi_memset4                          0x08000281   Thumb Code     0  memseta.o(.text)
    __aeabi_memset8                          0x08000281   Thumb Code     0  memseta.o(.text)
    __aeabi_memclr                           0x0800028f   Thumb Code     4  memseta.o(.text)
    __aeabi_memclr4                          0x0800028f   Thumb Code     0  memseta.o(.text)
    __aeabi_memclr8                          0x0800028f   Thumb Code     0  memseta.o(.text)
    _memset$wrapper                          0x08000293   Thumb Code    18  memseta.o(.text)
    strcat                                   0x080002a5   Thumb Code    24  strcat.o(.text)
    strncpy                                  0x080002bd   Thumb Code    24  strncpy.o(.text)
    strlen                                   0x080002d5   Thumb Code    14  strlen.o(.text)
    strcpy                                   0x080002e3   Thumb Code    18  strcpy.o(.text)
    strncmp                                  0x080002f5   Thumb Code    30  strncmp.o(.text)
    __0sscanf                                0x08000315   Thumb Code    48  __0sscanf.o(.text)
    _scanf_int                               0x0800034d   Thumb Code   332  _scanf_int.o(.text)
    _chval                                   0x08000499   Thumb Code    28  _chval.o(.text)
    __vfscanf_char                           0x080004c1   Thumb Code    20  scanf_char.o(.text)
    _sgetc                                   0x080004dd   Thumb Code    30  _sgetc.o(.text)
    _sbackspace                              0x080004fb   Thumb Code    34  _sgetc.o(.text)
    __scatterload                            0x0800051d   Thumb Code    28  init.o(.text)
    __scatterload_rt2                        0x0800051d   Thumb Code     0  init.o(.text)
    isspace                                  0x08000541   Thumb Code    10  isspace_c.o(.text)
    __vfscanf                                0x0800054d   Thumb Code   808  _scanf.o(.text)
    __ctype_lookup                           0x08000879   Thumb Code    34  ctype_c.o(.text)
    main                                     0x080008a1   Thumb Code    10  components.o(i.$Sub$$main)
    ADC_ConversionStop_Disable               0x080008ab   Thumb Code    82  stm32f1xx_hal_adc.o(i.ADC_ConversionStop_Disable)
    BusFault_Handler                         0x080008fd   Thumb Code     4  stm32f1xx_it.o(i.BusFault_Handler)
    DMA1_Channel1_IRQHandler                 0x08000901   Thumb Code    10  stm32f1xx_it.o(i.DMA1_Channel1_IRQHandler)
    DMA1_Channel2_IRQHandler                 0x08000911   Thumb Code    10  stm32f1xx_it.o(i.DMA1_Channel2_IRQHandler)
    DebugMon_Handler                         0x08000921   Thumb Code     2  stm32f1xx_it.o(i.DebugMon_Handler)
    Error_Handler                            0x08000923   Thumb Code     2  main.o(i.Error_Handler)
    FinshIoInit                              0x08000925   Thumb Code    42  uartfinshchario.o(i.FinshIoInit)
    HAL_ADC_ConfigChannel                    0x0800096d   Thumb Code   338  stm32f1xx_hal_adc.o(i.HAL_ADC_ConfigChannel)
    HAL_ADC_Init                             0x08000acd   Thumb Code   340  stm32f1xx_hal_adc.o(i.HAL_ADC_Init)
    HAL_ADC_MspInit                          0x08000c2d   Thumb Code    96  adc.o(i.HAL_ADC_MspInit)
    HAL_DMA_IRQHandler                       0x08000c9d   Thumb Code   910  stm32f1xx_hal_dma.o(i.HAL_DMA_IRQHandler)
    HAL_DMA_Init                             0x08001035   Thumb Code   132  stm32f1xx_hal_dma.o(i.HAL_DMA_Init)
    HAL_GPIO_Init                            0x080010c1   Thumb Code   792  stm32f1xx_hal_gpio.o(i.HAL_GPIO_Init)
    HAL_GPIO_TogglePin                       0x08001401   Thumb Code    20  stm32f1xx_hal_gpio.o(i.HAL_GPIO_TogglePin)
    HAL_GPIO_WritePin                        0x08001415   Thumb Code    12  stm32f1xx_hal_gpio.o(i.HAL_GPIO_WritePin)
    HAL_GetTick                              0x08001421   Thumb Code     6  stm32f1xx_hal.o(i.HAL_GetTick)
    HAL_Init                                 0x0800142d   Thumb Code    34  stm32f1xx_hal.o(i.HAL_Init)
    HAL_InitTick                             0x08001455   Thumb Code    64  stm32f1xx_hal.o(i.HAL_InitTick)
    HAL_MspInit                              0x080014a1   Thumb Code    82  stm32f1xx_hal_msp.o(i.HAL_MspInit)
    HAL_NVIC_EnableIRQ                       0x080014fd   Thumb Code    32  stm32f1xx_hal_cortex.o(i.HAL_NVIC_EnableIRQ)
    HAL_NVIC_SetPriority                     0x0800151d   Thumb Code   124  stm32f1xx_hal_cortex.o(i.HAL_NVIC_SetPriority)
    HAL_NVIC_SetPriorityGrouping             0x08001599   Thumb Code    32  stm32f1xx_hal_cortex.o(i.HAL_NVIC_SetPriorityGrouping)
    HAL_RCCEx_PeriphCLKConfig                0x080015c1   Thumb Code   290  stm32f1xx_hal_rcc_ex.o(i.HAL_RCCEx_PeriphCLKConfig)
    HAL_RCC_ClockConfig                      0x080016f1   Thumb Code   376  stm32f1xx_hal_rcc.o(i.HAL_RCC_ClockConfig)
    HAL_RCC_GetHCLKFreq                      0x0800187d   Thumb Code     6  stm32f1xx_hal_rcc.o(i.HAL_RCC_GetHCLKFreq)
    HAL_RCC_GetPCLK1Freq                     0x08001889   Thumb Code    22  stm32f1xx_hal_rcc.o(i.HAL_RCC_GetPCLK1Freq)
    HAL_RCC_GetPCLK2Freq                     0x080018a9   Thumb Code    22  stm32f1xx_hal_rcc.o(i.HAL_RCC_GetPCLK2Freq)
    HAL_RCC_GetSysClockFreq                  0x080018c9   Thumb Code   116  stm32f1xx_hal_rcc.o(i.HAL_RCC_GetSysClockFreq)
    HAL_RCC_OscConfig                        0x0800195d   Thumb Code  1114  stm32f1xx_hal_rcc.o(i.HAL_RCC_OscConfig)
    HAL_SPI_Init                             0x08001dc1   Thumb Code   190  stm32f1xx_hal_spi.o(i.HAL_SPI_Init)
    HAL_SPI_MspInit                          0x08001e81   Thumb Code   178  spi.o(i.HAL_SPI_MspInit)
    HAL_SYSTICK_Config                       0x08001f49   Thumb Code    52  stm32f1xx_hal_cortex.o(i.HAL_SYSTICK_Config)
    HAL_TIMEx_ConfigBreakDeadTime            0x08001f7d   Thumb Code   116  stm32f1xx_hal_tim_ex.o(i.HAL_TIMEx_ConfigBreakDeadTime)
    HAL_TIMEx_MasterConfigSynchronization    0x08001ff1   Thumb Code   134  stm32f1xx_hal_tim_ex.o(i.HAL_TIMEx_MasterConfigSynchronization)
    HAL_TIM_Base_Init                        0x0800208d   Thumb Code   102  stm32f1xx_hal_tim.o(i.HAL_TIM_Base_Init)
    HAL_TIM_Base_MspInit                     0x080020f5   Thumb Code   220  tim.o(i.HAL_TIM_Base_MspInit)
    HAL_TIM_ConfigClockSource                0x080021e9   Thumb Code   264  stm32f1xx_hal_tim.o(i.HAL_TIM_ConfigClockSource)
    HAL_TIM_MspPostInit                      0x080022f1   Thumb Code   426  tim.o(i.HAL_TIM_MspPostInit)
    HAL_TIM_PWM_ConfigChannel                0x080024c5   Thumb Code   252  stm32f1xx_hal_tim.o(i.HAL_TIM_PWM_ConfigChannel)
    HAL_TIM_PWM_Init                         0x080025c1   Thumb Code   102  stm32f1xx_hal_tim.o(i.HAL_TIM_PWM_Init)
    HAL_TIM_PWM_MspInit                      0x08002627   Thumb Code     2  stm32f1xx_hal_tim.o(i.HAL_TIM_PWM_MspInit)
    HAL_TIM_PWM_Start                        0x08002629   Thumb Code   222  stm32f1xx_hal_tim.o(i.HAL_TIM_PWM_Start)
    HAL_TIM_PWM_Stop                         0x0800271d   Thumb Code   160  stm32f1xx_hal_tim.o(i.HAL_TIM_PWM_Stop)
    HAL_UART_Init                            0x080027c5   Thumb Code   114  stm32f1xx_hal_uart.o(i.HAL_UART_Init)
    HAL_UART_MspInit                         0x08002839   Thumb Code   160  usart.o(i.HAL_UART_MspInit)
    HAL_UART_Transmit                        0x080028e9   Thumb Code   210  stm32f1xx_hal_uart.o(i.HAL_UART_Transmit)
    MX_ADC1_Init                             0x080029bd   Thumb Code    82  adc.o(i.MX_ADC1_Init)
    MX_DMA_Init                              0x08002a19   Thumb Code    64  dma.o(i.MX_DMA_Init)
    MX_GPIO_Init                             0x08002a5d   Thumb Code   218  gpio.o(i.MX_GPIO_Init)
    MX_SPI1_Init                             0x08002b49   Thumb Code    66  spi.o(i.MX_SPI1_Init)
    MX_TIM1_Init                             0x08002b95   Thumb Code   258  tim.o(i.MX_TIM1_Init)
    MX_TIM2_Init                             0x08002ca1   Thumb Code   222  tim.o(i.MX_TIM2_Init)
    MX_TIM3_Init                             0x08002d85   Thumb Code   202  tim.o(i.MX_TIM3_Init)
    MX_TIM4_Init                             0x08002e59   Thumb Code   202  tim.o(i.MX_TIM4_Init)
    MX_TIM5_Init                             0x08002f2d   Thumb Code   158  tim.o(i.MX_TIM5_Init)
    MX_USART3_UART_Init                      0x08002fd5   Thumb Code    46  usart.o(i.MX_USART3_UART_Init)
    NMI_Handler                              0x0800300d   Thumb Code     2  stm32f1xx_it.o(i.NMI_Handler)
    PWM_set                                  0x08003011   Thumb Code   248  ui.o(i.PWM_set)
    SysTick_Handler                          0x08003195   Thumb Code    16  board.o(i.SysTick_Handler)
    SystemClock_Config                       0x080031a5   Thumb Code   132  main.o(i.SystemClock_Config)
    SystemCoreClockUpdate                    0x08003229   Thumb Code   142  system_stm32f1xx.o(i.SystemCoreClockUpdate)
    SystemInit                               0x080032cd   Thumb Code     2  system_stm32f1xx.o(i.SystemInit)
    TIM_Base_SetConfig                       0x080032d1   Thumb Code   134  stm32f1xx_hal_tim.o(i.TIM_Base_SetConfig)
    TIM_CCxChannelCmd                        0x0800336d   Thumb Code    34  stm32f1xx_hal_tim.o(i.TIM_CCxChannelCmd)
    TIM_ETR_SetConfig                        0x0800338f   Thumb Code    22  stm32f1xx_hal_tim.o(i.TIM_ETR_SetConfig)
    TIM_OC2_SetConfig                        0x08003429   Thumb Code   114  stm32f1xx_hal_tim.o(i.TIM_OC2_SetConfig)
    USART3_IRQHandler                        0x08003729   Thumb Code    90  uartfinshchario.o(i.USART3_IRQHandler)
    UsageFault_Handler                       0x08003791   Thumb Code     4  stm32f1xx_it.o(i.UsageFault_Handler)
    __rt_ffs                                 0x080037fd   Thumb Code    70  kservice.o(i.__rt_ffs)
    __scatterload_copy                       0x08003849   Thumb Code    14  handlers.o(i.__scatterload_copy)
    __scatterload_null                       0x08003857   Thumb Code     2  handlers.o(i.__scatterload_null)
    __scatterload_zeroinit                   0x08003859   Thumb Code    14  handlers.o(i.__scatterload_zeroinit)
    beginAllPWM                              0x080039dd   Thumb Code    32  ui.o(i.beginAllPWM)
    cmd_ps                                   0x08003b19   Thumb Code    14  msh.o(i.cmd_ps)
    continueStatusLED                        0x08003b29   Thumb Code    10  systemhealth.o(i.continueStatusLED)
    finsh_get_prompt                         0x08003b39   Thumb Code    84  shell.o(i.finsh_get_prompt)
    finsh_set_prompt_mode                    0x08003bb5   Thumb Code    22  shell.o(i.finsh_set_prompt_mode)
    finsh_system_function_init               0x08003bd1   Thumb Code    10  shell.o(i.finsh_system_function_init)
    finsh_system_init                        0x08003be5   Thumb Code    88  shell.o(i.finsh_system_init)
    finsh_thread_entry                       0x08003c69   Thumb Code   936  shell.o(i.finsh_thread_entry)
    heaterBegin                              0x080040b1   Thumb Code   194  pwmdevice.o(i.heaterBegin)
    heaterStop                               0x08004189   Thumb Code   194  pwmdevice.o(i.heaterStop)
    hello                                    0x08004261   Thumb Code    12  cmd.o(i.hello)
    list                                     0x08004281   Thumb Code    52  cmd.o(i.list)
    list_sem                                 0x0800438d   Thumb Code   224  cmd.o(i.list_sem)
    list_thread                              0x080044cd   Thumb Code   294  cmd.o(i.list_thread)
    list_timer                               0x080046b1   Thumb Code   190  cmd.o(i.list_timer)
    $Super$$main                             0x08004811   Thumb Code    12  main.o(i.main)
    main_thread_entry                        0x0800481d   Thumb Code    14  components.o(i.main_thread_entry)
    msh_auto_complete                        0x08004915   Thumb Code   138  msh.o(i.msh_auto_complete)
    msh_exec                                 0x080049b5   Thumb Code    82  msh.o(i.msh_exec)
    msh_help                                 0x08004a7d   Thumb Code    64  msh.o(i.msh_help)
    msh_is_used                              0x08004af1   Thumb Code     4  msh.o(i.msh_is_used)
    myBSPInit                                0x08004be5   Thumb Code    56  bspinit.o(i.myBSPInit)
    rt_application_init                      0x08004dd1   Thumb Code    44  components.o(i.rt_application_init)
    rt_components_board_init                 0x08004e11   Thumb Code    20  components.o(i.rt_components_board_init)
    rt_components_init                       0x08004e2d   Thumb Code    20  components.o(i.rt_components_init)
    rt_enter_critical                        0x08004e49   Thumb Code    28  scheduler.o(i.rt_enter_critical)
    rt_exit_critical                         0x08004e69   Thumb Code    60  scheduler.o(i.rt_exit_critical)
    rt_hw_board_init                         0x08004ead   Thumb Code    30  board.o(i.rt_hw_board_init)
    rt_hw_console_getchar                    0x08004ed1   Thumb Code    36  uartfinshchario.o(i.rt_hw_console_getchar)
    rt_hw_console_output                     0x08004efd   Thumb Code    26  uartfinshchario.o(i.rt_hw_console_output)
    rt_hw_hard_fault_exception               0x08004f1d   Thumb Code   198  cpuport.o(i.rt_hw_hard_fault_exception)
    rt_hw_stack_init                         0x08005125   Thumb Code    70  cpuport.o(i.rt_hw_stack_init)
    rt_interrupt_enter                       0x08005171   Thumb Code    26  irq.o(i.rt_interrupt_enter)
    rt_interrupt_leave                       0x08005191   Thumb Code    26  irq.o(i.rt_interrupt_leave)
    rt_kprintf                               0x0800521d   Thumb Code    44  kservice.o(i.rt_kprintf)
    rt_memmove                               0x080052c9   Thumb Code    66  kservice.o(i.rt_memmove)
    rt_memset                                0x0800530b   Thumb Code    72  kservice.o(i.rt_memset)
    rt_object_detach                         0x08005353   Thumb Code    44  object.o(i.rt_object_detach)
    rt_object_get_information                0x08005381   Thumb Code    36  object.o(i.rt_object_get_information)
    rt_object_init                           0x080053a9   Thumb Code    96  object.o(i.rt_object_init)
    rt_object_is_systemobject                0x08005409   Thumb Code    18  object.o(i.rt_object_is_systemobject)
    rt_ringbuffer_data_len                   0x0800541b   Thumb Code   108  uartfinshchario.o(i.rt_ringbuffer_data_len)
    rt_ringbuffer_getchar                    0x08005487   Thumb Code    88  uartfinshchario.o(i.rt_ringbuffer_getchar)
    rt_ringbuffer_init                       0x080054df   Thumb Code    48  uartfinshchario.o(i.rt_ringbuffer_init)
    rt_ringbuffer_putchar                    0x0800550f   Thumb Code    90  uartfinshchario.o(i.rt_ringbuffer_putchar)
    rt_schedule                              0x08005569   Thumb Code   106  scheduler.o(i.rt_schedule)
    rt_schedule_insert_thread                0x080055ed   Thumb Code    72  scheduler.o(i.rt_schedule_insert_thread)
    rt_schedule_remove_thread                0x0800563d   Thumb Code    76  scheduler.o(i.rt_schedule_remove_thread)
    rt_sem_init                              0x08005691   Thumb Code    46  ipc.o(i.rt_sem_init)
    rt_sem_release                           0x080056bf   Thumb Code    70  ipc.o(i.rt_sem_release)
    rt_sem_take                              0x08005705   Thumb Code   116  ipc.o(i.rt_sem_take)
    rt_sem_trytake                           0x08005779   Thumb Code    14  ipc.o(i.rt_sem_trytake)
    rt_show_version                          0x08005789   Thumb Code    38  kservice.o(i.rt_show_version)
    rt_strlen                                0x08005839   Thumb Code    18  kservice.o(i.rt_strlen)
    rt_strncpy                               0x0800584b   Thumb Code    52  kservice.o(i.rt_strncpy)
    rt_system_scheduler_init                 0x08005881   Thumb Code    52  scheduler.o(i.rt_system_scheduler_init)
    rt_system_scheduler_start                0x080058cd   Thumb Code    36  scheduler.o(i.rt_system_scheduler_start)
    rt_system_timer_init                     0x080058fd   Thumb Code    24  timer.o(i.rt_system_timer_init)
    rt_system_timer_thread_init              0x08005919   Thumb Code     2  timer.o(i.rt_system_timer_thread_init)
    rt_thread_exit                           0x0800591d   Thumb Code    78  thread.o(i.rt_thread_exit)
    rt_thread_idle_excute                    0x0800597d   Thumb Code   126  idle.o(i.rt_thread_idle_excute)
    rt_thread_idle_init                      0x08005a01   Thumb Code    38  idle.o(i.rt_thread_idle_init)
    rt_thread_init                           0x08005a3d   Thumb Code    52  thread.o(i.rt_thread_init)
    rt_thread_mdelay                         0x08005a71   Thumb Code    20  thread.o(i.rt_thread_mdelay)
    rt_thread_resume                         0x08005a85   Thumb Code    60  thread.o(i.rt_thread_resume)
    rt_thread_self                           0x08005ac1   Thumb Code     6  thread.o(i.rt_thread_self)
    rt_thread_sleep                          0x08005acd   Thumb Code    62  thread.o(i.rt_thread_sleep)
    rt_thread_startup                        0x08005b11   Thumb Code    44  thread.o(i.rt_thread_startup)
    rt_thread_suspend                        0x08005b3d   Thumb Code    68  thread.o(i.rt_thread_suspend)
    rt_thread_timeout                        0x08005b81   Thumb Code    32  thread.o(i.rt_thread_timeout)
    rt_thread_yield                          0x08005ba1   Thumb Code    92  thread.o(i.rt_thread_yield)
    rt_tick_from_millisecond                 0x08005c05   Thumb Code    56  clock.o(i.rt_tick_from_millisecond)
    rt_tick_get                              0x08005c3d   Thumb Code     6  clock.o(i.rt_tick_get)
    rt_tick_increase                         0x08005c49   Thumb Code    42  clock.o(i.rt_tick_increase)
    rt_timer_check                           0x08005c79   Thumb Code   118  timer.o(i.rt_timer_check)
    rt_timer_control                         0x08005cf5   Thumb Code    56  timer.o(i.rt_timer_control)
    rt_timer_detach                          0x08005d2d   Thumb Code    32  timer.o(i.rt_timer_detach)
    rt_timer_init                            0x08005d4d   Thumb Code    46  timer.o(i.rt_timer_init)
    rt_timer_start                           0x08005d7d   Thumb Code   238  timer.o(i.rt_timer_start)
    rt_timer_stop                            0x08005e75   Thumb Code    48  timer.o(i.rt_timer_stop)
    rt_vsnprintf                             0x08005ea5   Thumb Code   808  kservice.o(i.rt_vsnprintf)
    rtthread_startup                         0x080061e5   Thumb Code    42  components.o(i.rtthread_startup)
    stopAllPWM                               0x080062a1   Thumb Code    32  ui.o(i.stopAllPWM)
    stopStatusLED                            0x080062e1   Thumb Code    22  systemhealth.o(i.stopStatusLED)
    systemThreadInit                         0x08006321   Thumb Code    80  systemhealth.o(i.systemThreadInit)
    version                                  0x080064e1   Thumb Code    10  cmd.o(i.version)
    AHBPrescTable                            0x080064ea   Data          16  system_stm32f1xx.o(.constdata)
    APBPrescTable                            0x080064fa   Data           8  system_stm32f1xx.o(.constdata)
    __fsym___cmd_beginAllPWM_name            0x08006502   Data          18  ui.o(.constdata)
    __fsym___cmd_stopAllPWM_name             0x08006514   Data          17  ui.o(.constdata)
    __fsym___cmd_PWM_set_name                0x08006525   Data          14  ui.o(.constdata)
    __fsym___cmd_stopStatusLED_name          0x08006533   Data          20  systemhealth.o(.constdata)
    __fsym___cmd_continueStatusLED_name      0x08006547   Data          24  systemhealth.o(.constdata)
    __fsym_hello_name                        0x0800655f   Data           6  cmd.o(.constdata)
    __fsym_version_name                      0x08006565   Data           8  cmd.o(.constdata)
    __fsym___cmd_version_name                0x0800656d   Data          14  cmd.o(.constdata)
    __fsym_list_thread_name                  0x0800657b   Data          12  cmd.o(.constdata)
    __fsym___cmd_list_thread_name            0x08006587   Data          18  cmd.o(.constdata)
    __fsym_list_sem_name                     0x08006599   Data           9  cmd.o(.constdata)
    __fsym___cmd_list_sem_name               0x080065a2   Data          15  cmd.o(.constdata)
    __fsym_list_timer_name                   0x080065b1   Data          11  cmd.o(.constdata)
    __fsym___cmd_list_timer_name             0x080065bc   Data          17  cmd.o(.constdata)
    __fsym_list_name                         0x080065cd   Data           5  cmd.o(.constdata)
    __fsym___cmd_help_name                   0x080065d2   Data          11  msh.o(.constdata)
    __fsym___cmd_ps_name                     0x080065dd   Data           9  msh.o(.constdata)
    __lowest_bit_bitmap                      0x080065e6   Data         256  kservice.o(.constdata)
    __ctype_categories                       0x08006708   Data          64  ctype_c.o(.constdata)
    __rt_init_rti_start                      0x0800678c   Data           4  components.o(.rti_fn.0)
    __rt_init_rti_board_start                0x08006790   Data           4  components.o(.rti_fn.0.end)
    __rt_init_myBSPInit                      0x08006794   Data           4  bspinit.o(.rti_fn.1)
    __rt_init_rti_board_end                  0x08006798   Data           4  components.o(.rti_fn.1.end)
    __rt_init_systemThreadInit               0x0800679c   Data           4  systemhealth.o(.rti_fn.6)
    __rt_init_finsh_system_init              0x080067a0   Data           4  shell.o(.rti_fn.6)
    __rt_init_rti_end                        0x080067a4   Data           4  components.o(.rti_fn.6.end)
    FSymTab$$Base                            0x080067a8   Number         0  ui.o(FSymTab)
    __fsym___cmd_beginAllPWM                 0x080067a8   Data           8  ui.o(FSymTab)
    __fsym___cmd_stopAllPWM                  0x080067b0   Data           8  ui.o(FSymTab)
    __fsym___cmd_PWM_set                     0x080067b8   Data           8  ui.o(FSymTab)
    __fsym___cmd_stopStatusLED               0x080067c0   Data           8  systemhealth.o(FSymTab)
    __fsym___cmd_continueStatusLED           0x080067c8   Data           8  systemhealth.o(FSymTab)
    __fsym_hello                             0x080067d0   Data           8  cmd.o(FSymTab)
    __fsym_version                           0x080067d8   Data           8  cmd.o(FSymTab)
    __fsym___cmd_version                     0x080067e0   Data           8  cmd.o(FSymTab)
    __fsym_list_thread                       0x080067e8   Data           8  cmd.o(FSymTab)
    __fsym___cmd_list_thread                 0x080067f0   Data           8  cmd.o(FSymTab)
    __fsym_list_sem                          0x080067f8   Data           8  cmd.o(FSymTab)
    __fsym___cmd_list_sem                    0x08006800   Data           8  cmd.o(FSymTab)
    __fsym_list_timer                        0x08006808   Data           8  cmd.o(FSymTab)
    __fsym___cmd_list_timer                  0x08006810   Data           8  cmd.o(FSymTab)
    __fsym_list                              0x08006818   Data           8  cmd.o(FSymTab)
    __fsym___cmd_help                        0x08006820   Data           8  msh.o(FSymTab)
    __fsym___cmd_ps                          0x08006828   Data           8  msh.o(FSymTab)
    FSymTab$$Limit                           0x08006830   Number         0  msh.o(FSymTab)
    Region$$Table$$Base                      0x08006830   Number         0  anon$$obj.o(Region$$Table)
    Region$$Table$$Limit                     0x08006850   Number         0  anon$$obj.o(Region$$Table)
    uwTick                                   0x20000000   Data           4  stm32f1xx_hal.o(.data)
    uwTickPrio                               0x20000004   Data           4  stm32f1xx_hal.o(.data)
    uwTickFreq                               0x20000008   Data           1  stm32f1xx_hal.o(.data)
    SystemCoreClock                          0x2000000c   Data           4  system_stm32f1xx.o(.data)
    _syscall_table_begin                     0x20000010   Data           4  shell.o(.data)
    _syscall_table_end                       0x20000014   Data           4  shell.o(.data)
    _sysvar_table_begin                      0x20000018   Data           4  shell.o(.data)
    _sysvar_table_end                        0x2000001c   Data           4  shell.o(.data)
    shell                                    0x20000020   Data           4  shell.o(.data)
    rt_interrupt_nest                        0x2000002c   Data           1  irq.o(.data)
    rt_current_thread                        0x20000064   Data           4  scheduler.o(.data)
    rt_current_priority                      0x20000068   Data           1  scheduler.o(.data)
    rt_thread_ready_priority_group           0x2000006c   Data           4  scheduler.o(.data)
    rt_thread_defunct                        0x20000070   Data           8  scheduler.o(.data)
    rt_interrupt_from_thread                 0x20000084   Data           4  cpuport.o(.data)
    rt_interrupt_to_thread                   0x20000088   Data           4  cpuport.o(.data)
    rt_thread_switch_interrupt_flag          0x2000008c   Data           4  cpuport.o(.data)
    hadc1                                    0x20000094   Data          48  adc.o(.bss)
    hdma_adc1                                0x200000c4   Data          68  adc.o(.bss)
    hspi1                                    0x20000108   Data          88  spi.o(.bss)
    hdma_spi1_rx                             0x20000160   Data          68  spi.o(.bss)
    htim1                                    0x200001a4   Data          72  tim.o(.bss)
    htim2                                    0x200001ec   Data          72  tim.o(.bss)
    htim3                                    0x20000234   Data          72  tim.o(.bss)
    htim4                                    0x2000027c   Data          72  tim.o(.bss)
    htim5                                    0x200002c4   Data          72  tim.o(.bss)
    htim8                                    0x2000030c   Data          72  tim.o(.bss)
    huart3                                   0x20000354   Data          64  usart.o(.bss)
    uart_rx_buf                              0x20000394   Data          16  uartfinshchario.o(.bss)
    uart_rxcb                                0x200003a4   Data          12  uartfinshchario.o(.bss)
    _shell                                   0x20000898   Data         128  shell.o(.bss)
    main_thread                              0x20000da0   Data         136  components.o(.bss)
    rt_thread_priority_table                 0x20000fb0   Data         256  scheduler.o(.bss)
    __initial_sp                             0x200014b0   Data           0  startup_stm32f103xe.o(STACK)



==============================================================================

Memory Map of the image

  Image Entry point : 0x08000131

  Load Region LR_IROM1 (Base: 0x08000000, Size: 0x000068e4, Max: 0x00080000, ABSOLUTE)

    Execution Region ER_IROM1 (Exec base: 0x08000000, Load base: 0x08000000, Size: 0x00006850, Max: 0x00080000, ABSOLUTE)

    Exec Addr    Load Addr    Size         Type   Attr      Idx    E Section Name        Object

    0x08000000   0x08000000   0x00000130   Data   RO            3    RESET               startup_stm32f103xe.o
    0x08000130   0x08000130   0x00000000   Code   RO         4921  * .ARM.Collect$$$$00000000  mc_w.l(entry.o)
    0x08000130   0x08000130   0x00000004   Code   RO         4972    .ARM.Collect$$$$00000001  mc_w.l(entry2.o)
    0x08000134   0x08000134   0x00000004   Code   RO         4975    .ARM.Collect$$$$00000004  mc_w.l(entry5.o)
    0x08000138   0x08000138   0x00000000   Code   RO         4977    .ARM.Collect$$$$00000008  mc_w.l(entry7b.o)
    0x08000138   0x08000138   0x00000000   Code   RO         4979    .ARM.Collect$$$$0000000A  mc_w.l(entry8b.o)
    0x08000138   0x08000138   0x00000008   Code   RO         4980    .ARM.Collect$$$$0000000B  mc_w.l(entry9a.o)
    0x08000140   0x08000140   0x00000000   Code   RO         4982    .ARM.Collect$$$$0000000D  mc_w.l(entry10a.o)
    0x08000140   0x08000140   0x00000000   Code   RO         4984    .ARM.Collect$$$$0000000F  mc_w.l(entry11a.o)
    0x08000140   0x08000140   0x00000004   Code   RO         4973    .ARM.Collect$$$$00002712  mc_w.l(entry2.o)
    0x08000144   0x08000144   0x00000024   Code   RO            4    .text               startup_stm32f103xe.o
    0x08000168   0x08000168   0x000000f4   Code   RO         4106    .text               context_rvds_1.o
    0x0800025c   0x0800025c   0x00000024   Code   RO         4926    .text               mc_w.l(memcpya.o)
    0x08000280   0x08000280   0x00000024   Code   RO         4928    .text               mc_w.l(memseta.o)
    0x080002a4   0x080002a4   0x00000018   Code   RO         4930    .text               mc_w.l(strcat.o)
    0x080002bc   0x080002bc   0x00000018   Code   RO         4932    .text               mc_w.l(strncpy.o)
    0x080002d4   0x080002d4   0x0000000e   Code   RO         4934    .text               mc_w.l(strlen.o)
    0x080002e2   0x080002e2   0x00000012   Code   RO         4936    .text               mc_w.l(strcpy.o)
    0x080002f4   0x080002f4   0x0000001e   Code   RO         4938    .text               mc_w.l(strncmp.o)
    0x08000312   0x08000312   0x00000002   PAD
    0x08000314   0x08000314   0x00000038   Code   RO         4942    .text               mc_w.l(__0sscanf.o)
    0x0800034c   0x0800034c   0x0000014c   Code   RO         4944    .text               mc_w.l(_scanf_int.o)
    0x08000498   0x08000498   0x0000001c   Code   RO         4990    .text               mc_w.l(_chval.o)
    0x080004b4   0x080004b4   0x00000028   Code   RO         4992    .text               mc_w.l(scanf_char.o)
    0x080004dc   0x080004dc   0x00000040   Code   RO         4994    .text               mc_w.l(_sgetc.o)
    0x0800051c   0x0800051c   0x00000024   Code   RO         5001    .text               mc_w.l(init.o)
    0x08000540   0x08000540   0x0000000a   Code   RO         5003    .text               mc_w.l(isspace_c.o)
    0x0800054a   0x0800054a   0x00000002   PAD
    0x0800054c   0x0800054c   0x0000032c   Code   RO         5005    .text               mc_w.l(_scanf.o)
    0x08000878   0x08000878   0x00000028   Code   RO         5007    .text               mc_w.l(ctype_c.o)
    0x080008a0   0x080008a0   0x0000000a   Code   RO         4172    i.$Sub$$main        components.o
    0x080008aa   0x080008aa   0x00000052   Code   RO          576    i.ADC_ConversionStop_Disable  stm32f1xx_hal_adc.o
    0x080008fc   0x080008fc   0x00000004   Code   RO          458    i.BusFault_Handler  stm32f1xx_it.o
    0x08000900   0x08000900   0x00000010   Code   RO          459    i.DMA1_Channel1_IRQHandler  stm32f1xx_it.o
    0x08000910   0x08000910   0x00000010   Code   RO          460    i.DMA1_Channel2_IRQHandler  stm32f1xx_it.o
    0x08000920   0x08000920   0x00000002   Code   RO          461    i.DebugMon_Handler  stm32f1xx_it.o
    0x08000922   0x08000922   0x00000002   Code   RO           13    i.Error_Handler     main.o
    0x08000924   0x08000924   0x00000048   Code   RO         3532    i.FinshIoInit       uartfinshchario.o
    0x0800096c   0x0800096c   0x00000160   Code   RO          582    i.HAL_ADC_ConfigChannel  stm32f1xx_hal_adc.o
    0x08000acc   0x08000acc   0x00000160   Code   RO          591    i.HAL_ADC_Init      stm32f1xx_hal_adc.o
    0x08000c2c   0x08000c2c   0x00000070   Code   RO          231    i.HAL_ADC_MspInit   adc.o
    0x08000c9c   0x08000c9c   0x00000398   Code   RO         1241    i.HAL_DMA_IRQHandler  stm32f1xx_hal_dma.o
    0x08001034   0x08001034   0x0000008c   Code   RO         1242    i.HAL_DMA_Init      stm32f1xx_hal_dma.o
    0x080010c0   0x080010c0   0x00000340   Code   RO         1172    i.HAL_GPIO_Init     stm32f1xx_hal_gpio.o
    0x08001400   0x08001400   0x00000014   Code   RO         1175    i.HAL_GPIO_TogglePin  stm32f1xx_hal_gpio.o
    0x08001414   0x08001414   0x0000000c   Code   RO         1176    i.HAL_GPIO_WritePin  stm32f1xx_hal_gpio.o
    0x08001420   0x08001420   0x0000000c   Code   RO          863    i.HAL_GetTick       stm32f1xx_hal.o
    0x0800142c   0x0800142c   0x00000028   Code   RO          870    i.HAL_Init          stm32f1xx_hal.o
    0x08001454   0x08001454   0x0000004c   Code   RO          871    i.HAL_InitTick      stm32f1xx_hal.o
    0x080014a0   0x080014a0   0x0000005c   Code   RO          516    i.HAL_MspInit       stm32f1xx_hal_msp.o
    0x080014fc   0x080014fc   0x00000020   Code   RO         1332    i.HAL_NVIC_EnableIRQ  stm32f1xx_hal_cortex.o
    0x0800151c   0x0800151c   0x0000007c   Code   RO         1338    i.HAL_NVIC_SetPriority  stm32f1xx_hal_cortex.o
    0x08001598   0x08001598   0x00000028   Code   RO         1339    i.HAL_NVIC_SetPriorityGrouping  stm32f1xx_hal_cortex.o
    0x080015c0   0x080015c0   0x00000130   Code   RO         1135    i.HAL_RCCEx_PeriphCLKConfig  stm32f1xx_hal_rcc_ex.o
    0x080016f0   0x080016f0   0x0000018c   Code   RO         1027    i.HAL_RCC_ClockConfig  stm32f1xx_hal_rcc.o
    0x0800187c   0x0800187c   0x0000000c   Code   RO         1032    i.HAL_RCC_GetHCLKFreq  stm32f1xx_hal_rcc.o
    0x08001888   0x08001888   0x00000020   Code   RO         1034    i.HAL_RCC_GetPCLK1Freq  stm32f1xx_hal_rcc.o
    0x080018a8   0x080018a8   0x00000020   Code   RO         1035    i.HAL_RCC_GetPCLK2Freq  stm32f1xx_hal_rcc.o
    0x080018c8   0x080018c8   0x00000094   Code   RO         1036    i.HAL_RCC_GetSysClockFreq  stm32f1xx_hal_rcc.o
    0x0800195c   0x0800195c   0x00000464   Code   RO         1039    i.HAL_RCC_OscConfig  stm32f1xx_hal_rcc.o
    0x08001dc0   0x08001dc0   0x000000be   Code   RO         1869    i.HAL_SPI_Init      stm32f1xx_hal_spi.o
    0x08001e7e   0x08001e7e   0x00000002   PAD
    0x08001e80   0x08001e80   0x000000c8   Code   RO          297    i.HAL_SPI_MspInit   spi.o
    0x08001f48   0x08001f48   0x00000034   Code   RO         1343    i.HAL_SYSTICK_Config  stm32f1xx_hal_cortex.o
    0x08001f7c   0x08001f7c   0x00000074   Code   RO         2900    i.HAL_TIMEx_ConfigBreakDeadTime  stm32f1xx_hal_tim_ex.o
    0x08001ff0   0x08001ff0   0x0000009c   Code   RO         2916    i.HAL_TIMEx_MasterConfigSynchronization  stm32f1xx_hal_tim_ex.o
    0x0800208c   0x0800208c   0x00000066   Code   RO         2182    i.HAL_TIM_Base_Init  stm32f1xx_hal_tim.o
    0x080020f2   0x080020f2   0x00000002   PAD
    0x080020f4   0x080020f4   0x000000f4   Code   RO          339    i.HAL_TIM_Base_MspInit  tim.o
    0x080021e8   0x080021e8   0x00000108   Code   RO         2191    i.HAL_TIM_ConfigClockSource  stm32f1xx_hal_tim.o
    0x080022f0   0x080022f0   0x000001d4   Code   RO          340    i.HAL_TIM_MspPostInit  tim.o
    0x080024c4   0x080024c4   0x000000fc   Code   RO         2254    i.HAL_TIM_PWM_ConfigChannel  stm32f1xx_hal_tim.o
    0x080025c0   0x080025c0   0x00000066   Code   RO         2257    i.HAL_TIM_PWM_Init  stm32f1xx_hal_tim.o
    0x08002626   0x08002626   0x00000002   Code   RO         2259    i.HAL_TIM_PWM_MspInit  stm32f1xx_hal_tim.o
    0x08002628   0x08002628   0x000000f4   Code   RO         2262    i.HAL_TIM_PWM_Start  stm32f1xx_hal_tim.o
    0x0800271c   0x0800271c   0x000000a8   Code   RO         2265    i.HAL_TIM_PWM_Stop  stm32f1xx_hal_tim.o
    0x080027c4   0x080027c4   0x00000072   Code   RO         3189    i.HAL_UART_Init     stm32f1xx_hal_uart.o
    0x08002836   0x08002836   0x00000002   PAD
    0x08002838   0x08002838   0x000000b0   Code   RO          417    i.HAL_UART_MspInit  usart.o
    0x080028e8   0x080028e8   0x000000d2   Code   RO         3197    i.HAL_UART_Transmit  stm32f1xx_hal_uart.o
    0x080029ba   0x080029ba   0x00000002   PAD
    0x080029bc   0x080029bc   0x0000005c   Code   RO          232    i.MX_ADC1_Init      adc.o
    0x08002a18   0x08002a18   0x00000044   Code   RO          272    i.MX_DMA_Init       dma.o
    0x08002a5c   0x08002a5c   0x000000ec   Code   RO          206    i.MX_GPIO_Init      gpio.o
    0x08002b48   0x08002b48   0x0000004c   Code   RO          298    i.MX_SPI1_Init      spi.o
    0x08002b94   0x08002b94   0x0000010c   Code   RO          341    i.MX_TIM1_Init      tim.o
    0x08002ca0   0x08002ca0   0x000000e4   Code   RO          342    i.MX_TIM2_Init      tim.o
    0x08002d84   0x08002d84   0x000000d4   Code   RO          343    i.MX_TIM3_Init      tim.o
    0x08002e58   0x08002e58   0x000000d4   Code   RO          344    i.MX_TIM4_Init      tim.o
    0x08002f2c   0x08002f2c   0x000000a8   Code   RO          345    i.MX_TIM5_Init      tim.o
    0x08002fd4   0x08002fd4   0x00000038   Code   RO          418    i.MX_USART3_UART_Init  usart.o
    0x0800300c   0x0800300c   0x00000002   Code   RO          462    i.NMI_Handler       stm32f1xx_it.o
    0x0800300e   0x0800300e   0x00000002   PAD
    0x08003010   0x08003010   0x0000015c   Code   RO         3758    i.PWM_set           ui.o
    0x0800316c   0x0800316c   0x00000028   Code   RO         1040    i.RCC_Delay         stm32f1xx_hal_rcc.o
    0x08003194   0x08003194   0x00000010   Code   RO         4110    i.SysTick_Handler   board.o
    0x080031a4   0x080031a4   0x00000084   Code   RO           14    i.SystemClock_Config  main.o
    0x08003228   0x08003228   0x000000a4   Code   RO         3495    i.SystemCoreClockUpdate  system_stm32f1xx.o
    0x080032cc   0x080032cc   0x00000002   Code   RO         3496    i.SystemInit        system_stm32f1xx.o
    0x080032ce   0x080032ce   0x00000002   PAD
    0x080032d0   0x080032d0   0x0000009c   Code   RO         2275    i.TIM_Base_SetConfig  stm32f1xx_hal_tim.o
    0x0800336c   0x0800336c   0x00000022   Code   RO         2276    i.TIM_CCxChannelCmd  stm32f1xx_hal_tim.o
    0x0800338e   0x0800338e   0x00000016   Code   RO         2286    i.TIM_ETR_SetConfig  stm32f1xx_hal_tim.o
    0x080033a4   0x080033a4   0x00000012   Code   RO         2287    i.TIM_ITRx_SetConfig  stm32f1xx_hal_tim.o
    0x080033b6   0x080033b6   0x00000002   PAD
    0x080033b8   0x080033b8   0x00000070   Code   RO         2288    i.TIM_OC1_SetConfig  stm32f1xx_hal_tim.o
    0x08003428   0x08003428   0x0000007c   Code   RO         2289    i.TIM_OC2_SetConfig  stm32f1xx_hal_tim.o
    0x080034a4   0x080034a4   0x00000078   Code   RO         2290    i.TIM_OC3_SetConfig  stm32f1xx_hal_tim.o
    0x0800351c   0x0800351c   0x00000054   Code   RO         2291    i.TIM_OC4_SetConfig  stm32f1xx_hal_tim.o
    0x08003570   0x08003570   0x00000026   Code   RO         2293    i.TIM_TI1_ConfigInputStage  stm32f1xx_hal_tim.o
    0x08003596   0x08003596   0x00000028   Code   RO         2295    i.TIM_TI2_ConfigInputStage  stm32f1xx_hal_tim.o
    0x080035be   0x080035be   0x00000002   PAD
    0x080035c0   0x080035c0   0x000000fc   Code   RO         3216    i.UART_SetConfig    stm32f1xx_hal_uart.o
    0x080036bc   0x080036bc   0x0000006c   Code   RO         3218    i.UART_WaitOnFlagUntilTimeout  stm32f1xx_hal_uart.o
    0x08003728   0x08003728   0x00000068   Code   RO         3533    i.USART3_IRQHandler  uartfinshchario.o
    0x08003790   0x08003790   0x00000004   Code   RO          463    i.UsageFault_Handler  stm32f1xx_it.o
    0x08003794   0x08003794   0x00000030   Code   RO         4111    i._SysTick_Config   board.o
    0x080037c4   0x080037c4   0x00000010   Code   RO         1345    i.__NVIC_GetPriorityGrouping  stm32f1xx_hal_cortex.o
    0x080037d4   0x080037d4   0x00000028   Code   RO         1346    i.__NVIC_SetPriority  stm32f1xx_hal_cortex.o
    0x080037fc   0x080037fc   0x0000004c   Code   RO         4373    i.__rt_ffs          kservice.o
    0x08003848   0x08003848   0x0000000e   Code   RO         5012    i.__scatterload_copy  mc_w.l(handlers.o)
    0x08003856   0x08003856   0x00000002   Code   RO         5013    i.__scatterload_null  mc_w.l(handlers.o)
    0x08003858   0x08003858   0x0000000e   Code   RO         5014    i.__scatterload_zeroinit  mc_w.l(handlers.o)
    0x08003866   0x08003866   0x00000002   PAD
    0x08003868   0x08003868   0x00000014   Code   RO         4241    i._has_defunct_thread  idle.o
    0x0800387c   0x0800387c   0x0000006a   Code   RO         4046    i._msh_exec_cmd     msh.o
    0x080038e6   0x080038e6   0x00000002   PAD
    0x080038e8   0x080038e8   0x00000084   Code   RO         4658    i._rt_thread_init   thread.o
    0x0800396c   0x0800396c   0x00000042   Code   RO         4767    i._rt_timer_init    timer.o
    0x080039ae   0x080039ae   0x0000002e   Code   RO         4768    i._rt_timer_remove  timer.o
    0x080039dc   0x080039dc   0x00000040   Code   RO         3759    i.beginAllPWM       ui.o
    0x08003a1c   0x08003a1c   0x000000fc   Code   RO         4862    i.bus_fault_track   cpuport.o
    0x08003b18   0x08003b18   0x0000000e   Code   RO         4047    i.cmd_ps            msh.o
    0x08003b26   0x08003b26   0x00000002   PAD
    0x08003b28   0x08003b28   0x00000010   Code   RO         3798    i.continueStatusLED  systemhealth.o
    0x08003b38   0x08003b38   0x00000074   Code   RO         3866    i.finsh_get_prompt  shell.o
    0x08003bac   0x08003bac   0x00000008   Code   RO         3868    i.finsh_getchar     shell.o
    0x08003bb4   0x08003bb4   0x0000001c   Code   RO         3870    i.finsh_set_prompt_mode  shell.o
    0x08003bd0   0x08003bd0   0x00000014   Code   RO         3871    i.finsh_system_function_init  shell.o
    0x08003be4   0x08003be4   0x00000084   Code   RO         3872    i.finsh_system_init  shell.o
    0x08003c68   0x08003c68   0x000003c8   Code   RO         3874    i.finsh_thread_entry  shell.o
    0x08004030   0x08004030   0x00000080   Code   RO         4863    i.hard_fault_track  cpuport.o
    0x080040b0   0x080040b0   0x000000d8   Code   RO         3658    i.heaterBegin       pwmdevice.o
    0x08004188   0x08004188   0x000000d8   Code   RO         3660    i.heaterStop        pwmdevice.o
    0x08004260   0x08004260   0x00000020   Code   RO         3967    i.hello             cmd.o
    0x08004280   0x08004280   0x00000058   Code   RO         3968    i.list              cmd.o
    0x080042d8   0x080042d8   0x0000002a   Code   RO         3969    i.list_find_init    cmd.o
    0x08004302   0x08004302   0x00000088   Code   RO         3970    i.list_get_next     cmd.o
    0x0800438a   0x0800438a   0x00000002   PAD
    0x0800438c   0x0800438c   0x00000140   Code   RO         3971    i.list_sem          cmd.o
    0x080044cc   0x080044cc   0x000001e4   Code   RO         3972    i.list_thread       cmd.o
    0x080046b0   0x080046b0   0x00000160   Code   RO         3973    i.list_timer        cmd.o
    0x08004810   0x08004810   0x0000000c   Code   RO           15    i.main              main.o
    0x0800481c   0x0800481c   0x0000000e   Code   RO         4173    i.main_thread_entry  components.o
    0x0800482a   0x0800482a   0x00000002   PAD
    0x0800482c   0x0800482c   0x000000e8   Code   RO         4864    i.mem_manage_fault_track  cpuport.o
    0x08004914   0x08004914   0x000000a0   Code   RO         4048    i.msh_auto_complete  msh.o
    0x080049b4   0x080049b4   0x0000006c   Code   RO         4049    i.msh_exec          msh.o
    0x08004a20   0x08004a20   0x0000005c   Code   RO         4050    i.msh_get_cmd       msh.o
    0x08004a7c   0x08004a7c   0x00000074   Code   RO         4051    i.msh_help          msh.o
    0x08004af0   0x08004af0   0x00000004   Code   RO         4052    i.msh_is_used       msh.o
    0x08004af4   0x08004af4   0x000000f0   Code   RO         4053    i.msh_split         msh.o
    0x08004be4   0x08004be4   0x00000038   Code   RO         3604    i.myBSPInit         bspinit.o
    0x08004c1c   0x08004c1c   0x0000001c   Code   RO         3974    i.object_split      cmd.o
    0x08004c38   0x08004c38   0x00000198   Code   RO         4375    i.print_number      kservice.o
    0x08004dd0   0x08004dd0   0x00000040   Code   RO         4174    i.rt_application_init  components.o
    0x08004e10   0x08004e10   0x0000001c   Code   RO         4175    i.rt_components_board_init  components.o
    0x08004e2c   0x08004e2c   0x0000001c   Code   RO         4176    i.rt_components_init  components.o
    0x08004e48   0x08004e48   0x00000020   Code   RO         4592    i.rt_enter_critical  scheduler.o
    0x08004e68   0x08004e68   0x00000044   Code   RO         4593    i.rt_exit_critical  scheduler.o
    0x08004eac   0x08004eac   0x00000024   Code   RO         4112    i.rt_hw_board_init  board.o
    0x08004ed0   0x08004ed0   0x0000002c   Code   RO         3534    i.rt_hw_console_getchar  uartfinshchario.o
    0x08004efc   0x08004efc   0x00000020   Code   RO         3535    i.rt_hw_console_output  uartfinshchario.o
    0x08004f1c   0x08004f1c   0x00000208   Code   RO         4868    i.rt_hw_hard_fault_exception  cpuport.o
    0x08005124   0x08005124   0x0000004c   Code   RO         4869    i.rt_hw_stack_init  cpuport.o
    0x08005170   0x08005170   0x00000020   Code   RO         4346    i.rt_interrupt_enter  irq.o
    0x08005190   0x08005190   0x00000020   Code   RO         4348    i.rt_interrupt_leave  irq.o
    0x080051b0   0x080051b0   0x0000006c   Code   RO         4282    i.rt_ipc_list_suspend  ipc.o
    0x0800521c   0x0800521c   0x00000030   Code   RO         4378    i.rt_kprintf        kservice.o
    0x0800524c   0x0800524c   0x00000006   Code   RO         4594    i.rt_list_init      scheduler.o
    0x08005252   0x08005252   0x00000006   Code   RO         4769    i.rt_list_init      timer.o
    0x08005258   0x08005258   0x0000000e   Code   RO         4659    i.rt_list_insert_after  thread.o
    0x08005266   0x08005266   0x0000000e   Code   RO         4770    i.rt_list_insert_after  timer.o
    0x08005274   0x08005274   0x0000000e   Code   RO         4283    i.rt_list_insert_before  ipc.o
    0x08005282   0x08005282   0x00000010   Code   RO         4284    i.rt_list_isempty   ipc.o
    0x08005292   0x08005292   0x00000010   Code   RO         4771    i.rt_list_isempty   timer.o
    0x080052a2   0x080052a2   0x00000014   Code   RO         3975    i.rt_list_len       cmd.o
    0x080052b6   0x080052b6   0x00000012   Code   RO         4660    i.rt_list_remove    thread.o
    0x080052c8   0x080052c8   0x00000042   Code   RO         4382    i.rt_memmove        kservice.o
    0x0800530a   0x0800530a   0x00000048   Code   RO         4383    i.rt_memset         kservice.o
    0x08005352   0x08005352   0x0000002c   Code   RO         4538    i.rt_object_detach  object.o
    0x0800537e   0x0800537e   0x00000002   PAD
    0x08005380   0x08005380   0x00000028   Code   RO         4540    i.rt_object_get_information  object.o
    0x080053a8   0x080053a8   0x00000060   Code   RO         4542    i.rt_object_init    object.o
    0x08005408   0x08005408   0x00000012   Code   RO         4543    i.rt_object_is_systemobject  object.o
    0x0800541a   0x0800541a   0x0000006c   Code   RO         3536    i.rt_ringbuffer_data_len  uartfinshchario.o
    0x08005486   0x08005486   0x00000058   Code   RO         3537    i.rt_ringbuffer_getchar  uartfinshchario.o
    0x080054de   0x080054de   0x00000030   Code   RO         3538    i.rt_ringbuffer_init  uartfinshchario.o
    0x0800550e   0x0800550e   0x0000005a   Code   RO         3539    i.rt_ringbuffer_putchar  uartfinshchario.o
    0x08005568   0x08005568   0x00000084   Code   RO         4595    i.rt_schedule       scheduler.o
    0x080055ec   0x080055ec   0x00000050   Code   RO         4596    i.rt_schedule_insert_thread  scheduler.o
    0x0800563c   0x0800563c   0x00000054   Code   RO         4597    i.rt_schedule_remove_thread  scheduler.o
    0x08005690   0x08005690   0x0000002e   Code   RO         4287    i.rt_sem_init       ipc.o
    0x080056be   0x080056be   0x00000046   Code   RO         4288    i.rt_sem_release    ipc.o
    0x08005704   0x08005704   0x00000074   Code   RO         4289    i.rt_sem_take       ipc.o
    0x08005778   0x08005778   0x0000000e   Code   RO         4290    i.rt_sem_trytake    ipc.o
    0x08005786   0x08005786   0x00000002   PAD
    0x08005788   0x08005788   0x000000b0   Code   RO         4385    i.rt_show_version   kservice.o
    0x08005838   0x08005838   0x00000012   Code   RO         4390    i.rt_strlen         kservice.o
    0x0800584a   0x0800584a   0x00000034   Code   RO         4392    i.rt_strncpy        kservice.o
    0x0800587e   0x0800587e   0x00000002   PAD
    0x08005880   0x08005880   0x0000004c   Code   RO         4598    i.rt_system_scheduler_init  scheduler.o
    0x080058cc   0x080058cc   0x00000030   Code   RO         4599    i.rt_system_scheduler_start  scheduler.o
    0x080058fc   0x080058fc   0x0000001c   Code   RO         4772    i.rt_system_timer_init  timer.o
    0x08005918   0x08005918   0x00000002   Code   RO         4773    i.rt_system_timer_thread_init  timer.o
    0x0800591a   0x0800591a   0x00000002   PAD
    0x0800591c   0x0800591c   0x00000058   Code   RO         4664    i.rt_thread_exit    thread.o
    0x08005974   0x08005974   0x00000008   Code   RO         4242    i.rt_thread_idle_entry  idle.o
    0x0800597c   0x0800597c   0x00000084   Code   RO         4243    i.rt_thread_idle_excute  idle.o
    0x08005a00   0x08005a00   0x0000003c   Code   RO         4245    i.rt_thread_idle_init  idle.o
    0x08005a3c   0x08005a3c   0x00000034   Code   RO         4666    i.rt_thread_init    thread.o
    0x08005a70   0x08005a70   0x00000014   Code   RO         4667    i.rt_thread_mdelay  thread.o
    0x08005a84   0x08005a84   0x0000003c   Code   RO         4668    i.rt_thread_resume  thread.o
    0x08005ac0   0x08005ac0   0x0000000c   Code   RO         4669    i.rt_thread_self    thread.o
    0x08005acc   0x08005acc   0x00000044   Code   RO         4670    i.rt_thread_sleep   thread.o
    0x08005b10   0x08005b10   0x0000002c   Code   RO         4671    i.rt_thread_startup  thread.o
    0x08005b3c   0x08005b3c   0x00000044   Code   RO         4672    i.rt_thread_suspend  thread.o
    0x08005b80   0x08005b80   0x00000020   Code   RO         4673    i.rt_thread_timeout  thread.o
    0x08005ba0   0x08005ba0   0x00000064   Code   RO         4674    i.rt_thread_yield   thread.o
    0x08005c04   0x08005c04   0x00000038   Code   RO         4135    i.rt_tick_from_millisecond  clock.o
    0x08005c3c   0x08005c3c   0x0000000c   Code   RO         4136    i.rt_tick_get       clock.o
    0x08005c48   0x08005c48   0x00000030   Code   RO         4137    i.rt_tick_increase  clock.o
    0x08005c78   0x08005c78   0x0000007c   Code   RO         4774    i.rt_timer_check    timer.o
    0x08005cf4   0x08005cf4   0x00000038   Code   RO         4775    i.rt_timer_control  timer.o
    0x08005d2c   0x08005d2c   0x00000020   Code   RO         4776    i.rt_timer_detach   timer.o
    0x08005d4c   0x08005d4c   0x0000002e   Code   RO         4777    i.rt_timer_init     timer.o
    0x08005d7a   0x08005d7a   0x00000002   PAD
    0x08005d7c   0x08005d7c   0x000000f8   Code   RO         4780    i.rt_timer_start    timer.o
    0x08005e74   0x08005e74   0x00000030   Code   RO         4781    i.rt_timer_stop     timer.o
    0x08005ea4   0x08005ea4   0x00000330   Code   RO         4395    i.rt_vsnprintf      kservice.o
    0x080061d4   0x080061d4   0x00000004   Code   RO         4177    i.rti_board_end     components.o
    0x080061d8   0x080061d8   0x00000004   Code   RO         4178    i.rti_board_start   components.o
    0x080061dc   0x080061dc   0x00000004   Code   RO         4179    i.rti_end           components.o
    0x080061e0   0x080061e0   0x00000004   Code   RO         4180    i.rti_start         components.o
    0x080061e4   0x080061e4   0x0000002a   Code   RO         4181    i.rtthread_startup  components.o
    0x0800620e   0x0800620e   0x00000002   PAD
    0x08006210   0x08006210   0x00000038   Code   RO         3875    i.shell_auto_complete  shell.o
    0x08006248   0x08006248   0x00000030   Code   RO         3976    i.show_wait_queue   cmd.o
    0x08006278   0x08006278   0x00000026   Code   RO         4397    i.skip_atoi         kservice.o
    0x0800629e   0x0800629e   0x00000002   PAD
    0x080062a0   0x080062a0   0x00000040   Code   RO         3760    i.stopAllPWM        ui.o
    0x080062e0   0x080062e0   0x00000020   Code   RO         3799    i.stopStatusLED     systemhealth.o
    0x08006300   0x08006300   0x00000020   Code   RO         4054    i.str_common        msh.o
    0x08006320   0x08006320   0x00000090   Code   RO         3800    i.systemThreadInit  systemhealth.o
    0x080063b0   0x080063b0   0x00000014   Code   RO         3801    i.thread_systemDefender  systemhealth.o
    0x080063c4   0x080063c4   0x00000034   Code   RO         3802    i.thread_systemStatus  systemhealth.o
    0x080063f8   0x080063f8   0x000000e8   Code   RO         4870    i.usage_fault_track  cpuport.o
    0x080064e0   0x080064e0   0x0000000a   Code   RO         3977    i.version           cmd.o
    0x080064ea   0x080064ea   0x00000018   Data   RO         3497    .constdata          system_stm32f1xx.o
    0x08006502   0x08006502   0x00000031   Data   RO         3761    .constdata          ui.o
    0x08006533   0x08006533   0x0000002c   Data   RO         3804    .constdata          systemhealth.o
    0x0800655f   0x0800655f   0x00000073   Data   RO         3978    .constdata          cmd.o
    0x080065d2   0x080065d2   0x00000014   Data   RO         4055    .constdata          msh.o
    0x080065e6   0x080065e6   0x00000122   Data   RO         4399    .constdata          kservice.o
    0x08006708   0x08006708   0x00000040   Data   RO         5008    .constdata          mc_w.l(ctype_c.o)
    0x08006748   0x08006748   0x00000044   Data   RO         3979    .conststring        cmd.o
    0x0800678c   0x0800678c   0x00000004   Data   RO         4183    .rti_fn.0           components.o
    0x08006790   0x08006790   0x00000004   Data   RO         4184    .rti_fn.0.end       components.o
    0x08006794   0x08006794   0x00000004   Data   RO         3605    .rti_fn.1           bspinit.o
    0x08006798   0x08006798   0x00000004   Data   RO         4185    .rti_fn.1.end       components.o
    0x0800679c   0x0800679c   0x00000004   Data   RO         3805    .rti_fn.6           systemhealth.o
    0x080067a0   0x080067a0   0x00000004   Data   RO         3878    .rti_fn.6           shell.o
    0x080067a4   0x080067a4   0x00000004   Data   RO         4186    .rti_fn.6.end       components.o
    0x080067a8   0x080067a8   0x00000018   Data   RO         3762    FSymTab             ui.o
    0x080067c0   0x080067c0   0x00000010   Data   RO         3806    FSymTab             systemhealth.o
    0x080067d0   0x080067d0   0x00000050   Data   RO         3980    FSymTab             cmd.o
    0x08006820   0x08006820   0x00000010   Data   RO         4056    FSymTab             msh.o
    0x08006830   0x08006830   0x00000020   Data   RO         5010    Region$$Table       anon$$obj.o


    Execution Region RW_IRAM1 (Exec base: 0x20000000, Load base: 0x08006850, Size: 0x000014b0, Max: 0x00010000, ABSOLUTE)

    Exec Addr    Load Addr    Size         Type   Attr      Idx    E Section Name        Object

    0x20000000   0x08006850   0x00000009   Data   RW          877    .data               stm32f1xx_hal.o
    0x20000009   0x08006859   0x00000003   PAD
    0x2000000c   0x0800685c   0x00000004   Data   RW         3498    .data               system_stm32f1xx.o
    0x20000010   0x08006860   0x00000018   Data   RW         3877    .data               shell.o
    0x20000028   0x08006878   0x00000004   Data   RW         4139    .data               clock.o
    0x2000002c   0x0800687c   0x00000001   Data   RW         4349    .data               irq.o
    0x2000002d   0x0800687d   0x00000003   PAD
    0x20000030   0x08006880   0x00000030   Data   RW         4545    .data               object.o
    0x20000060   0x080068b0   0x00000018   Data   RW         4601    .data               scheduler.o
    0x20000078   0x080068c8   0x0000000c   Data   RW         4782    .data               timer.o
    0x20000084   0x080068d4   0x00000010   Data   RW         4871    .data               cpuport.o
    0x20000094        -       0x00000074   Zero   RW          233    .bss                adc.o
    0x20000108        -       0x0000009c   Zero   RW          299    .bss                spi.o
    0x200001a4        -       0x000001b0   Zero   RW          347    .bss                tim.o
    0x20000354        -       0x00000040   Zero   RW          419    .bss                usart.o
    0x20000394        -       0x00000044   Zero   RW         3540    .bss                uartfinshchario.o
    0x200003d8        -       0x00000238   Zero   RW         3803    .bss                systemhealth.o
    0x20000610        -       0x00000389   Zero   RW         3876    .bss                shell.o
    0x20000999   0x080068e4   0x00000007   PAD
    0x200009a0        -       0x00000488   Zero   RW         4182    .bss                components.o
    0x20000e28        -       0x00000108   Zero   RW         4246    .bss                idle.o
    0x20000f30        -       0x00000080   Zero   RW         4398    .bss                kservice.o
    0x20000fb0        -       0x00000100   Zero   RW         4600    .bss                scheduler.o
    0x200010b0        -       0x00000400   Zero   RW            1    STACK               startup_stm32f103xe.o


==============================================================================

Image component sizes


      Code (inc. data)   RO Data    RW Data    ZI Data      Debug   Object Name

       204         26          0          0        116       1495   adc.o
       100         10          0          0          0       1589   board.o
        56          0          4          0          0        914   bspinit.o
       116         12          0          4          0       1840   clock.o
      1560        518        263          0          0      13133   cmd.o
       202         36         16          0       1160       6256   components.o
       244         26          0          0          0        828   context_rvds_1.o
      1440        724          0         16          0       5734   cpuport.o
        68          4          0          0          0        686   dma.o
       236         18          0          0          0        911   gpio.o
       220         32          0          0        264       5770   idle.o
       384          0          0          0          0       7998   ipc.o
        64         12          0          1          0       1698   irq.o
      1770        164        290          0        128       9829   kservice.o
       146          0          0          0          0     513262   main.o
       872        154         36          0          0       7989   msh.o
       198          4          0         48          0       6492   object.o
       432         76          0          0          0       1079   pwmdevice.o
       526         90          0         24        256       8822   scheduler.o
      1328        138          4         24        905      11239   shell.o
       276         32          0          0        156       1598   spi.o
        36          8        304          0       1024        772   startup_stm32f103xe.o
       128         24          0          9          0       5215   stm32f1xx_hal.o
       786         26          0          0          0       3000   stm32f1xx_hal_adc.o
       304         22          0          0          0      29183   stm32f1xx_hal_cortex.o
      1060         18          0          0          0       2124   stm32f1xx_hal_dma.o
       864         40          0          0          0       3173   stm32f1xx_hal_gpio.o
        92         10          0          0          0        834   stm32f1xx_hal_msp.o
      1784        110          0          0          0       5744   stm32f1xx_hal_rcc.o
       304         14          0          0          0       1328   stm32f1xx_hal_rcc_ex.o
       190          0          0          0          0       1063   stm32f1xx_hal_spi.o
      1882         88          0          0          0      11941   stm32f1xx_hal_tim.o
       272         22          0          0          0       2000   stm32f1xx_hal_tim_ex.o
       684          4          0          0          0       3436   stm32f1xx_hal_uart.o
        44         12          0          0          0       2487   stm32f1xx_it.o
       166         22         24          4          0       1607   system_stm32f1xx.o
       264         88         64          0        568       3146   systemhealth.o
       708         38          0          0          0      11285   thread.o
      1800        112          0          0        432       5806   tim.o
       732         20          0         12          0      11604   timer.o
       586         58          0          0         68       5259   uartfinshchario.o
       476        182         73          0          0       2726   ui.o
       232         26          0          0         64       1590   usart.o

    ----------------------------------------------------------------------
     23874       3020       1110        148       5148     724485   Object Totals
         0          0         32          0          0          0   (incl. Generated)
        38          0          0          6          7          0   (incl. Padding)

    ----------------------------------------------------------------------

      Code (inc. data)   RO Data    RW Data    ZI Data      Debug   Library Member Name

        56          8          0          0          0         84   __0sscanf.o
        28          0          0          0          0         68   _chval.o
       812          4          0          0          0        112   _scanf.o
       332          0          0          0          0         96   _scanf_int.o
        64          0          0          0          0         84   _sgetc.o
        40          6         64          0          0         68   ctype_c.o
         0          0          0          0          0          0   entry.o
         0          0          0          0          0          0   entry10a.o
         0          0          0          0          0          0   entry11a.o
         8          4          0          0          0          0   entry2.o
         4          0          0          0          0          0   entry5.o
         0          0          0          0          0          0   entry7b.o
         0          0          0          0          0          0   entry8b.o
         8          4          0          0          0          0   entry9a.o
        30          0          0          0          0          0   handlers.o
        36          8          0          0          0         68   init.o
        10          0          0          0          0         68   isspace_c.o
        36          0          0          0          0         68   memcpya.o
        36          0          0          0          0        108   memseta.o
        40          8          0          0          0         84   scanf_char.o
        24          0          0          0          0         68   strcat.o
        18          0          0          0          0         68   strcpy.o
        14          0          0          0          0         68   strlen.o
        30          0          0          0          0         80   strncmp.o
        24          0          0          0          0         76   strncpy.o

    ----------------------------------------------------------------------
      1656         42         64          0          0       1268   Library Totals
         6          0          0          0          0          0   (incl. Padding)

    ----------------------------------------------------------------------

      Code (inc. data)   RO Data    RW Data    ZI Data      Debug   Library Name

      1650         42         64          0          0       1268   mc_w.l

    ----------------------------------------------------------------------
      1656         42         64          0          0       1268   Library Totals

    ----------------------------------------------------------------------

==============================================================================


      Code (inc. data)   RO Data    RW Data    ZI Data      Debug   

     25530       3062       1174        148       5148     714777   Grand Totals
     25530       3062       1174        148       5148     714777   ELF Image Totals
     25530       3062       1174        148          0          0   ROM Totals

==============================================================================

    Total RO  Size (Code + RO Data)                26704 (  26.08kB)
    Total RW  Size (RW Data + ZI Data)              5296 (   5.17kB)
    Total ROM Size (Code + RO Data + RW Data)      26852 (  26.22kB)

==============================================================================

